*****************************************************
GSP COFF Linker             , Version 3.20   
*****************************************************
Fri Aug 31 10:07:11 1990

OUTPUT FILE NAME:   <f:\video\trog\TROG.out>
ENTRY POINT SYMBOL: "SETUP"  address: ffe09800


MEMORY CONFIGURATION

           name      origin     length     attributes
         --------   --------   ---------   ----------
         SCRATCH    01000000   000100000      RWIX
         IROM       02000000   000400000      RWIX
         ROM        ffe00000   0001ffc00      RWIX
         TRAP31     fffffc00   000000400      RWIX


SECTION ALLOCATION MAP

 output                                  attributes/
section   page    origin      length       input sections
--------  ----  ----------  ----------   ----------------
FIXED      0    01000000    00000040     
                  01000000    00000040     TROGPROC.OBJ (FIXED)

OFIXED     0    01000040    00000080     
                  01000040    00000080     TROGDISP.OBJ (OFIXED)

NFIXED     0    010000c0    000002c0     
                  010000c0    000002c0     TROGRAM.OBJ (NFIXED)

.bss       0    01000380    000f22f0     UNINITIALIZED
                  01000380    000756f0     TROGDISP.OBJ (.bss)
                  01075a70    0002c240     TROGRAM.OBJ (.bss)
                  010a1cb0    000002d0     TROG.OBJ (.bss)
                  010a1f80    0004c930     TROGPROC.OBJ (.bss)
                  010ee8b0    00000200     TROGSND.OBJ (.bss)
                  010eeab0    000012c0     TROGBGND.OBJ (.bss)
                  010efd70    00000a10     TROGPOST.OBJ (.bss)
                  010f0780    00000060     TROGMISC.OBJ (.bss)
                  010f07e0    00001210     TROGTEXT.OBJ (.bss)
                  010f19f0    000000c0     TROGTROG.OBJ (.bss)
                  010f1ab0    00000010     TROGWHL.OBJ (.bss)
                  010f1ac0    00000040     TROGTREX.OBJ (.bss)
                  010f1b00    00000b70     f:\video\trog\TROGKURT.RLO (.bss)

.text      0    ffe00000    001138d0     
                  ffe00000    000088f0     TROGDISP.OBJ (.text)
                  ffe088f0    000111d0     TROG.OBJ (.text)
                  ffe19ac0    00006140     TROGUTIL.OBJ (.text)
                  ffe1fc00    00001570     TROGPALL.OBJ (.text)
                  ffe21170    00001d10     TROGPROC.OBJ (.text)
                  ffe22e80    00001b60     TROGSND.OBJ (.text)
                  ffe249e0    000023f0     TROGBGND.OBJ (.text)
                  ffe26dd0    00007340     TROGPOST.OBJ (.text)
                  ffe2e110    00002b40     TROGBAR.OBJ (.text)
                  ffe30c50    00013600     TROGDINO.OBJ (.text)
                  ffe44250    00004850     TROGDIN2.OBJ (.text)
                  ffe48aa0    00017100     TROGMISC.OBJ (.text)
                  ffe5fba0    00005430     TROGTEXT.OBJ (.text)
                  ffe64fd0    000015f0     TROGCOL.OBJ (.text)
                  ffe665c0    00008b70     TROGENEM.OBJ (.text)
                  ffe6f130    00013780     TROGTROG.OBJ (.text)
                  ffe828b0    00007b20     TROGEGGS.OBJ (.text)
                  ffe8a3d0    00006850     TROGWHL.OBJ (.text)
                  ffe90c20    00009930     TROGSPRG.OBJ (.text)
                  ffe9a550    00000020     TROGDRON.OBJ (.text)
                  ffe9a570    00002ed0     TROGTREX.OBJ (.text)
                  ffe9d440    00000050     TROGTV.OBJ (.text)
                  ffe9d490    00076440     f:\video\trog\TROGKURT.RLO (.text)

.data      0    fff138d0    000eaad0     
                  fff138d0    000006f0     TROGBGND.OBJ (.data)
                  fff13fc0    00000a40     TROGBAR.OBJ (.data)
                  fff14a00    00000930     TROGDINO.OBJ (.data)
                  fff15330    000024e0     TROGDIN2.OBJ (.data)
                  fff17810    00008240     TROGTEXT.OBJ (.data)
                  fff1fa50    0000b100     TROGENEM.OBJ (.data)
                  fff2ab50    000008e0     TROGTROG.OBJ (.data)
                  fff2b430    000024d0     TROGEGGS.OBJ (.data)
                  fff2d900    0000f010     TROGWHL.OBJ (.data)
                  fff3c910    0000e9d0     TROGSPRG.OBJ (.data)
                  fff4b2e0    00009b50     TROGTREX.OBJ (.data)
                  fff54e30    00006040     TROGMAPS.OBJ (.data)
                  fff5ae70    00032390     TROGDDAT.OBJ (.data)
                  fff8d200    00027b70     TROGTDAT.OBJ (.data)
                  fffb4d70    0000a7c0     TROGWAVE.OBJ (.data)
                  fffbf530    00002160     IMGPAL.OBJ (.data)
                  fffc1690    00009060     IMGTBL.OBJ (.data)
                  fffca6f0    0001e680     BGNDTBL.OBJ (.data)
                  fffe8d70    00001bb0     BGNDPAL.OBJ (.data)
                  fffea920    00013a80     f:\video\trog\TROGKURT.RLO (.data)

VECTORS    0    fffffc00    00000400     
                  fffffc00    00000400     TROG.OBJ (VECTORS)

IMAGES     0    00000000    00000000     UNINITIALIZED

.BSS       0    00000000    00000000     UNINITIALIZED

.TEXT      0    00000000    00000000     UNINITIALIZED

.DATA      0    00000000    00000000     UNINITIALIZED


GLOBAL SYMBOLS

address  name                             address  name
-------- ----                             -------- ----
01000380 .bss                             00000005 NUM_WIN_MESSAGES
fff138d0 .data                            00000006 WHL_KO_HITS
ffe00000 .text                            00000015 CS_ENTS
ffe1a740 ABOVBELO                         0000001c IDATALEN
01000000 ACTIVE                           0000001f HOUSEZPOS
ffe056f0 ADDSUPP                          01000000 ACTIVE
ffe42b80 ADD_FRUST                        01000020 FREE
ffed2b90 ADD_HSHOLD                       01000040 OBJLST
ffe082b0 ADD_SLAVE                        01000060 OFREE
ffe065d0 ADJNEWTL                         01000080 BAKLST
ffe06480 ADJSTWTL                         010000a0 BAK2LST
ffeccfe0 ADJ_PAGE                         010000c0 BBACTIVE
ffe1ad20 ALIGNOBJ                         010000e0 BBFREE
fff14d80 ALIGNTAB                         01000100 SUPPLST
ffe24360 ALLOFF                           01000100 BACKSLST
ffe828b0 ALLOT_EGGS                       01000120 POSTSUPP
ffe0c860 ALLOW_CONTINUE                   01000140 P1BARS
ffecd910 ALL_TAB                          01000160 P2BARS
0109f490 AMOVECNT                         01000180 P3BARS
0109f490 AMOVEEND                         010001a0 P4BARS
0109cc90 AMOVEMAP                         010001c0 PXBARS
ffe070a0 ANI                              010001e0 DINOS
ffe443b0 ANIMATE_BUTTON                   01000200 ENEMIES
ffe1f1e0 ANIMATE_DEL                      01000220 TROGS
ffe41fb0 ANIMATE_DIR                      01000240 EGGS
ffe3a590 ANIMATE_TURN                     01000260 HOUSE_PITS
ffe1f100 ANIMATOR                         01000280 BORDER_SUPP
ffebc1f0 ANY_BUT                          010002a0 HOUSELST
010a1c00 APLAYDONE                        010002c0 SUPPLEND
fffc91f0 ARROW1                           01000380 .bss
fffc7db0 ARROW2                           01000380 SCROLLX
fffc7e10 ARROW3                           010003a0 SCROLLY
ffe0a9c0 ATSTRT                           010003c0 WORLDTLX
ffea6a00 ATTRACT_MODE                     010003e0 WORLDTLY
ffed02d0 ATT_HSTD                         01000400 WORLDTL
ffea7460 ATT_MODE_GAME_OVER               01000420 SCRNTL
ffea6d00 ATT_MODE_HSTD                    01000440 SCRNLR
ffecc670 AUD1                             01000460 BAK2TLY
ffecc560 AUD                              01000480 BAK2TLX
ffe1f430 AUTOEOFF                         010004a0 QSYNC
ffe1f560 AUTOEON                          010004b0 DMAQCUR
ffea4b80 AWARD_EXTRAS                     010004d0 DMAQCNT
fff13960 BACKGROUND1                      010004e0 BOTQ0CNT
fff139c0 BACKGROUND2                      010004f0 BOTQ1CNT
fff13b40 BACKGROUNDC                      01000500 TOPQ0CNT
fff13c60 BACKGROUNDCRAY                   01000510 TOPQ1CNT
fff13cc0 BACKGROUNDDSRT                   01000520 BOTQ0FLG
fff13ae0 BACKGROUNDE                      01000530 BOTQ1FLG
fff13c00 BACKGROUNDS                      01000540 TOPQ0FLG
fff13ba0 BACKGROUNDW                      01000550 TOPQ1FLG
fff13d20 BACKGROUNDX2                     01000560 OBJSTR
fff13d80 BACKGROUNDX3                     01035300 BOTQ0
fff13de0 BACKGROUNDX5                     01042140 BOTQ1
fff13e40 BACKGROUNDX6                     0104ef80 TOPQ0
01000100 BACKSLST                         0105bdc0 TOPQ1
010a1c10 BAITER_TIME                      01075a40 DISPLAYON
010000a0 BAK2LST                          01075a70 NOAUTOE
010efd10 BAK2MODS                         01075a80 PAGE
01000480 BAK2TLX                          01075a90 RAND
01000460 BAK2TLY                          01075ab0 SWSTACK
010eeaf0 BAKBITS                          01075ad0 SWTEMP1
01000080 BAKLST                           01075af0 SWTEMP2
010efcf0 BAKMODS                          01075b10 SW2TEMP1
fffc2b10 BALLYMID                         01075b30 SW2TEMP2
fffc7e70 BARL1                            01075b50 SWSTMN
fffc7cb0 BARL2                            01075c50 SWSTST
fffc7ed0 BARL3                            01075c50 SYSCOPY
fffc7f30 BARL4                            01075c60 INTSYNC0
fffc7f90 BARL5                            01075c70 INTSYNC1
fffc7ff0 BART1                            01075c80 PALRAM
fffc7d30 BART2                            01075c80 FPALRAM
fffc8050 BART3                            01075e90 BPALRAM
fffc80b0 BART4                            01075f80 PTRRAM
fffc8110 BART5                            01076380 CURPAL
fff13fc0 BARTAB                           01076390 COLRTEMP
010000c0 BBACTIVE                         01076490 PCYCLE_RAM
010000e0 BBFREE                           010764d0 SKYCOLOR
ffea3b30 BCDADD                           010764e0 IRQSKYE
ffebd820 BEEP_1                           010764f0 P1DATA
01077910 BGND_TYPE                        01076940 P2DATA
ffe24e30 BGND_UD1                         01076d90 P3DATA
ffe250d0 BGND_UD2                         010771e0 P4DATA
fffe9870 BGRAY15                          01077630 NPLAYERS
fff0deb0 BINBCD                           01077640 STICKTYP
ffe06dd0 BKGSAGOF                         01077650 PDELAY
fffcaee0 BLACKBO1BMOD                     01077660 PREPEAT
ffeb43d0 BLASTMESS                        01077670 COCKTAIL
ffe1c680 BLNKAREA                         01077680 GAME_STATE
ffec1c00 BLNKHELP                         01077690 GRAMSTRT
ffe951b0 BLOCK_CHECK                      01077690 CURPLYRS
fffc3eb0 BLOOHHAND1                       010776a0 WAVE
fffc2ef0 BLOOHHAND2                       010776b0 SOUNDSUP
fff70bd0 BLOOPATAB                        010776c0 GAMERASE
fffc6c10 BLOOPCHEERF1                     010776d0 BTIME
fffc6c70 BLOOPCHEERF2                     010776e0 BUYNOW
fffc6cd0 BLOOPCHEERF3                     010776f0 GDIFF_RAM_ST
fffc6d30 BLOOPCHEERF4                     010776f0 STOP_WAITING
fff64ad0 BLOOPHC1                         01077700 STOP_GREETING
fffc1d70 BLOOPHED                         01077710 STOP_SEARCH
fff66bd0 BLOOPINIT                        01077720 START_BONE
fffc68f0 BLOOPTUNGF1                      01077730 MAXBOZO
fffc6970 BLOOPTUNGF2                      01077740 MAXBARS
fffc69d0 BLOOPTUNGF3                      01077750 GDIFF_RAM_END
fffc6a30 BLOOPTUNGF4                      01077750 TROG_INTRO_FLAG
fffc2f50 BLOOVHAND1                       01077760 START_WAVE
fffc2fb0 BLOOVHAND2                       01077770 START_SCORE
fff64950 BLSTP0                           01077790 SPLAYER_NUM
fffe9ba0 BLUE15                           010777a0 SPLAYER_COL
fffbf820 BLUE16                           010777b0 TIP1_FLAG
fffc0e60 BLUEFUR                          010777c0 TIP2_FLAG
fffc1080 BLUZOM                           010777d0 TIP2A_FLAG
ffe50420 BMX5_SND                         010777e0 TIP3_FLAG
ffe30600 BONED_IN_4                       010777f0 TIP4_FLAG
ffe30430 BONED_IN                         01077800 TIP5_FLAG
ffe30700 BONED_IN_GREY                    01077810 TIP6_FLAG
ffe3dc50 BONE_BETWEEN                     01077820 TIP8_FLAG
01077a20 BONE_LIST                        01077830 CSHOW6_FLAG
ffe30980 BONE_OBJ                         01077840 TUTOR
ffe2f540 BONE_OBLITERATE                  01077850 GRAMEND
ffe2f710 BONE_SMASH                       01077850 WRAMSTRT
ffe57a10 BONFIRE_INTRO                    01077850 WAVETIME
010a1c60 BONUS_TIME                       01077870 WAVE_MUSIC
010a1c50 BONUS_WAVE                       01077890 WAVE_WATER
ffe4db20 BORDER_MARQUEE                   010778b0 WAVE_BGND1
01000280 BORDER_SUPP                      010778d0 WAVE_BGND2
010004e0 BOTQ0CNT                         010778f0 FOREGROUND
01000520 BOTQ0FLG                         01077910 BGND_TYPE
01035300 BOTQ0                            01077920 DISPATCH_TABLE
010004f0 BOTQ1CNT                         01077940 TUNNEL
01042140 BOTQ1                            01077950 TUNNEL_UP
01000530 BOTQ1FLG                         01077960 TUNNEL_SCORE
fffc7930 BOULDER1                         01077980 WAVE_SHOW
01077ab0 BOUNDRIES                        010779a0 WAVE_INSTRUCT
fff5a5f0 BOUNDRY1                         010779c0 WAVE_PSTUFF
fff5a660 BOUNDRY2                         010779e0 FAST_TIME
fff5a740 BOUNDRYV2                        010779f0 EGG_LIST
fff5ac00 BOUNDRYX2                        01077a10 EGGS_LAID
fff5ad60 BOUNDRYX3                        01077a20 BONE_LIST
fff5a800 BOUNDRYX5                        01077a40 HOUSES
fff5aa50 BOUNDRYX6                        01077a50 WHEEL_CNT
ffe2dbe0 BOUNDRY_CHECK                    01077a60 TROG_CNT
fffc2a50 BOXARH1                          01077a70 SMACK_CNT
fffc2ab0 BOXARH2                          01077a80 FREEZE_TIME
fffc2990 BOXARV1                          01077a90 POSTMAP
fffc29f0 BOXARV2                          01077ab0 BOUNDRIES
01077ad0 BOXDIM                           01077ad0 BOXDIM
01075e90 BPALRAM                          01077af0 MOVEMAP
fffc2690 BSPCHP0F1                        0109baf0 MOVECNT
fffc26f0 BSPCHP0F2                        0109baf0 MOVEEND
fffc2750 BSPCHP0F3                        0109bb00 CMOVEMAP
fffc27b0 BSPCHP0F4                        0109cc80 CMOVEEND
fffec680 BSPIKEFALL                       0109cc80 CMOVECNT
fffc2510 BSPSHP0F10                       0109cc90 AMOVEMAP
fffc2570 BSPSHP0F11                       0109f490 AMOVEEND
fffc25d0 BSPSHP0F12                       0109f490 AMOVECNT
fffc2630 BSPSHP0F13                       0109f4a0 EMOVEMAP
fffc22d0 BSPSHP0F3                        010a1b20 EMOVECNT
fffc2330 BSPSHP0F4                        010a1b20 EMOVEEND
fffc2390 BSPSHP0F6                        010a1b30 WDIFF_RAM_ST
fffc23f0 BSPSHP0F7                        010a1b30 WAVEEGGS
fffc2450 BSPSHP0F8                        010a1b40 DINOSPEED
fffc24b0 BSPSHP0F9                        010a1b50 TROGSPEED
fffc1f70 BSPSTP0                          010a1b60 TROG_PURSUIT
fffc1fd0 BSPSTP3                          010a1b70 TROG_PURSUIT_RESET
fffc2030 BSPTORP2                         010a1b80 FIRE_DURATION
fffc1c70 BSPWP4F1                         010a1b90 NUM_WHEELS
fffc2090 BSPWP4F2                         010a1ba0 SPRGSPEED
fffc20f0 BSPWP4F3                         010a1bb0 WAVEHAND
fffc2150 BSPWP4F4                         010a1bc0 POWERUP_DURATION
fffc21b0 BSPWP4F5                         010a1bd0 VIRTUAL_TROGS
fffc2210 BSPWP4F6                         010a1be0 WDIFF_RAM_END
fffc2270 BSPWP4F7                         010a1be0 NUM_TROGS
010776d0 BTIME                            010a1bf0 PAUSE_GAME
fffc5a70 BTRBEARD                         010a1c00 APLAYDONE
fffc5c70 BTRBLINK1                        010a1c10 BAITER_TIME
fffc5cf0 BTRBLINK2                        010a1c20 WAVE_OVER
fffc5bf0 BTRBROW                          010a1c30 MAINTUNE
fffc5b70 BTREYE                           010a1c40 THRASHFLG
fffc5af0 BTRHAIR                          010a1c50 BONUS_WAVE
fffc5df0 BTRHAND1                         010a1c60 BONUS_TIME
fffc5e70 BTRHAND2                         010a1c70 MAX_TROGSPEED
fffc5ef0 BTRHAND5                         010a1c80 EGG_DIVISOR
fffc59f0 BTRHED                           010a1c90 EGG_GROUPS
fffc5870 BTRSTP0                          010a1ca0 WRAMEND
fffc5d70 BTRTEETH                         010a1ca0 NRAMSTRT
ffe26cf0 BTYPE_CK                         010a1cb0 NRAMEND
ffe428a0 BUILD_TENSION                    010a1cb0 EXECLED
ffe3d8b0 BUMPCK                           010a1cc0 IRQLED
ffe3d330 BUMP                             010a1cd0 SINTRAM
ffefd370 BURNIN                           010a1ce0 HSINTRAM
ffe4a6c0 BUYINWIN                         010a1cf0 WDOGRAM
010776e0 BUYNOW                           010a1d20 SWITCH_ESCAPE
7fff0001 BUYWIN_Z                         010a1da0 TVPATCH
fffc5970 BZTRSTP0                         010a1f80 TIMER
ffebdb10 B_MENU                           010a1f80 TVPATCHX
ffe14c30 CALLPLAY                         010a1fa0 OVERLOAD
ffeed600 CATAPULT_START                   010a1fb0 PRCSTR
ffed77d0 CAT_A0                           010eeaf0 BAKBITS
fffcfe60 CAVE1BMOD                        010efcf0 BAKMODS
fffe9d20 CAVEPALS                         010efd10 BAK2MODS
ffeddb00 CAVESHOW1                        010f0780 PCYCLEHI
ffeddcb0 CAVESHOW2                        010f0790 PCYCLELO
ffeddd30 CAVESHOW3                        010f07e0 STRNGRAM
ffedddb0 CAVESHOW4                        010f09c0 STRINGF_RAM
ffedde30 CAVESHOW5                        010f1970 STRING1
ffeddeb0 CAVESHOW6                        010f1990 STRING2
fffe9cb0 CAVSIGN                          010f19b0 STRING3
fffbfd70 CAVSIN                           010f19d0 STRING_SHADOW
ffed8c50 CCOIN                            010f19f0 TROG_LOOK_COUNT
ffe39a80 CELEBRATEAMATE                   010f1a00 TROG_SEARCH_DIST
ffe38390 CELEBRATE_MESS                   010f1b70 STORY_MODE
ffe1ae70 CENTEROBJ                        010f1c70 ON_CRED
ffe81020 CENTER_CHECK                     010f1dd0 LASTCOLOR
ffe14870 CHAMPM_SND                       010f1e00 CHAR_PLOT
ffe05f00 CHANGEZPOS                       010f1e40 CHAR_SCORE
ffe1fcd0 CHANGE_PAL                       010f2030 ON_HSTD
ffe05de0 CHANGOID                         010f2100 COINFLAG
010f1e00 CHAR_PLOT                        010f2110 GAMEUNITS
010f1e40 CHAR_SCORE                       010f2180 OCTO_FLAG
fff02dc0 CHECKDIPFREE                     010f2620 FORCEDIP
ffed89e0 CHECKFREE                        010f2670 end
ffece290 CHECK_INITS                      7fff0001 BUYWIN_Z
fffc9d50 CHILI0                           ffe00000 .text
fffc9db0 CHILI1                           ffe00000 DMAINT
fffc9e10 CHILI2                           ffe00d00 DISPQT
fffc9e70 CHILI3                           ffe00e30 DISPLAY
fffc9ed0 CHILI4                           ffe01ee0 DISPH
fffc9f30 CHILI5                           ffe02200 QDMA
ffe1aca0 CHKRANGE                         ffe023c0 QDMAN
fffc5110 CHOMBASU1                        ffe023f0 STOPOBJS
ffefa0e0 CIRCLE                           ffe02510 YZSORT
ffebc6f0 CKDIAG                           ffe02770 SCRTSTG
fff118f0 CKDIP                            ffe027a0 SCRTST
ffecdfe0 CKHSTD                           ffe029c0 QSCRTST
ffe23a90 CKSNDPRI                         ffe02ca0 CLIPOBJ
ffebc5a0 CKTEST                           ffe02ff0 OINIT
ffe1a980 CK_BOTTOM_CENT                   ffe03630 GETOBJ
ffe1a880 CK_OBJ_CENT                      ffe03850 GPALOBJ
ffe416b0 CK_PIT_CENT                      ffe03900 GPALOBJSTF
ffe9d320 CK_TREX                          ffe039f0 GBPALOBJ
ffe7f930 CK_TROG_CENT                     ffe03aa0 FREESOBJ
ffed2790 CLEAR_HSCOLORS                   ffe03b30 FREEOBJE
ffe776c0 CLEAR_PURSUIT                    ffe03e30 FREEOBJ
ffe02ca0 CLIPOBJ                          ffe03ee0 INSB2OBJ
ffe77900 CLIP_INTO                        ffe03f40 INSBOBJ
ffe14b80 CLRALLPD                         ffe03fa0 INSSOBJ
ffe249e0 CLRBGND                          ffe04020 INSOBJ
ffe1dc80 CLRBLOCK                         ffe041c0 INSERT_OBJ
ffe20430 CLRBPAL                          ffe04260 INSERT_OBJ_SUPP
ffe203a0 CLRFPAL                          ffe042b0 DELB2OBJ
ffe20260 CLRPAL                           ffe04310 DELBOBJ
ffe19e30 CLRPDATA                         ffe04370 DELSHAD
ffe1df80 CLRPLAY                          ffe04450 DELSOBJ
ffe1e160 CLRP_P0                          ffe044d0 DELOBJ
ffe1e340 CLRP_P1                          ffe04660 KILOBJ_XA8
ffe22e80 CLRSNDDB                         ffe046c0 KILB2OBJ
ffe64f10 CLRTEXT                          ffe04730 KILBOBJ
ffecc3c0 CLR_AUDR                         ffe047a0 KILOBJ
ffecc6f0 CLR_AUD                          ffe04990 KILOBJ_ALL
ffe9a560 CLR_DRONE                        ffe04a10 KILL_OBJECTS
ffe15890 CLR_PDINOCNT                     ffe04c40 DELETE_OBJ
ffe159e0 CLR_PEXTRAS                      ffe04d00 DELETE_OBJ_SUPP
ffe1dda0 CLR_SCRN                         ffe04d90 DELETE_SLAVES
ffe16f50 CLSCRACH                         ffe04f90 DELETE_SUPP_ID
fffd5bf0 CLUBLANDBMOD                     ffe05120 EXISTOBJ
ffecd4a0 CMOSLOCK                         ffe05360 MAKE_OBJ
ffecd410 CMOSUNLOCK                       ffe053d0 OBJ_OFF
ffecc7a0 CMOS_VAL                         ffe05470 OBJ_ON
0109cc80 CMOVECNT                         ffe05520 IS_OBJ_OFF
0109cc80 CMOVEEND                         ffe05560 INSERT_SUPP
0109bb00 CMOVEMAP                         ffe055b0 DELETE_SUPP
ffe05cf0 CNTSUPP                          ffe05620 FIND_SUPP_LAST
01077670 COCKTAIL                         ffe056f0 ADDSUPP
fffc5010 COGPIT1                          ffe05740 DELSUPP
010f2100 COINFLAG                         ffe059b0 ISSUPP
ffedc4b0 COININT                          ffe05aa0 ISSUPPID
fffea550 COIN                             ffe05bd0 ISSUPPANI
ffe65be0 COLL_START                       ffe05cf0 CNTSUPP
fff014d0 COLORBAR                         ffe05de0 CHANGOID
ffe48ab0 COLOR_START                      ffe05f00 CHANGEZPOS
01076390 COLRTEMP                         ffe06020 DECZPOS
ffebd500 COL_INST                         ffe06170 OBJECTS_ON
ffe22c70 COMM_WAIT_REMOTE                 ffe06300 OBJECTS_OFF
ffe22b20 COMM_WAIT                        ffe06480 ADJSTWTL
ffe39900 COMPSNDTAB                       ffe065d0 ADJNEWTL
ffe27a40 CONSMOVE                         ffe066a0 GSCRNREL
fff01290 CONV_PLOT                        ffe067a0 SCRNRELV
ffed66d0 COPYRIGHTINIT                    ffe068f0 GANISAG
fffc2c90 COPY                             ffe06aa0 STFOBJ
ffe07d10 COPY_OBJ                         ffe06dd0 BKGSAGOF
ffe30b00 COUNT_BONES                      ffe06e20 GSAGOF
ffe2ccd0 COUNT_FREE_CMOVES                ffe070a0 ANI
ffe22520 COUNT_PROCESSES                  ffe075d0 GETANIXY
ffeb2c50 CPU_RET                          ffe07700 GETANIXY_PACKED
fffd9f10 CRAYOLABMOD                      ffe07860 GETANIX
ffe084f0 CREATE_OBJ                       ffe079b0 GANIOF
fff13f60 CREDITBGND                       ffe07b30 OBJ_TO_PNT
fffda650 CREDITS1BMOD                     ffe07c50 OBJTOPNT
ffeaed90 CREDITS_TEXT                     ffe07d10 COPY_OBJ
ffed5590 CREDIT_SCREEN                    ffe07e50 SCREXP32
ffea7360 CRED_ENTRY_POINT                 ffe082b0 ADD_SLAVE
ffed9f90 CRED_P                           ffe083f0 MULTI_MAKE
ffed8930 CRED_STRING                      ffe084f0 CREATE_OBJ
ffeda920 CR_BOTH                          ffe08860 STORE_ZVAL
ffedad00 CR_CONTP                         ffe094f0 POWERUP
ffedab80 CR_STRTP                         ffe09800 SETUP
01077830 CSHOW6_FLAG                      ffe09800 POWERRET
00000015 CS_ENTS                          ffe09800 WARMSET
fffc5090 CTAR5                            ffe09930 PCMOSRET
fffc7230 CTRANBACK                        ffe09b20 EXEC_LP
fffc9690 CUBE10                           ffe0a1b0 MAIN_INIT
fffc96f0 CUBE11                           ffe0a6f0 DIPINIT
fffc9750 CUBE12                           ffe0a9c0 ATSTRT
fffc97b0 CUBE13                           ffe0ab10 DUMRETS
fffc9810 CUBE14                           ffe0bfe0 PNAME_TAB
fffc9870 CUBE15                           ffe0c1b0 PNAME15_TAB
fffc98d0 CUBE16                           ffe0c2a0 PLAYER
fffc9930 CUBE17                           ffe0c5d0 PLAYER_DELETE
fffc9990 CUBE5a                           ffe0c860 ALLOW_CONTINUE
fffc9490 CUBE5                            ffe0c9c0 PLAYER_CLR
fffc99f0 CUBE6                            ffe0caf0 PLAYER_RESTART
fffc9a50 CUBE7                            ffe0d230 GAME_DIFFICULTY
fffc9ab0 CUBE8                            ffe0d4d0 GAME_INTRO
fffc9b10 CUBE9                            ffe0fb80 WAVE_START
01076380 CURPAL                           ffe11970 WAVE_END
01077690 CURPLYRS                         ffe12730 WAIT_WAVE_END
ffe242e0 CVSDFOFF                         ffe13590 GAME_OVER
ffe242a0 CVSDOFF                          ffe14780 SUFFIX_NULL
ffe4c790 CWINDOW                          ffe14860 SUFFIX_S
ffe4a150 CYCLE16                          ffe14870 CHAMPM_SND
ffe4e390 DANCE_STUFF                      ffe14b80 CLRALLPD
ffe06020 DECZPOS                          ffe14c30 CALLPLAY
ffecda10 DEC_HSR                          ffe15890 CLR_PDINOCNT
ffecd080 DEF_PAGE                         ffe159e0 CLR_PEXTRAS
ffe042b0 DELB2OBJ                         ffe15a50 INC_PLAYER_TIMERS
ffe2f1d0 DELBAR                           ffe15b80 INC_PCONSECUTIVE
ffe04310 DELBOBJ                          ffe15cd0 STUFF_PLASTWIN
ffe04d00 DELETE_OBJ_SUPP                  ffe15d30 GPLAYNUM
ffe04c40 DELETE_OBJ                       ffe15e70 GPLAYD
ffe1fde0 DELETE_PAL                       ffe15f60 WAVE_PLAYERS
ffe04d90 DELETE_SLAVES                    ffe160a0 WIPEOUT
ffe04f90 DELETE_SUPP_ID                   ffe16a40 SLEEP_SWITCHX
ffe055b0 DELETE_SUPP                      ffe16d20 WDOGDIS
ffe73df0 DELETE_TROG                      ffe16ec0 WDISTAB
ffe044d0 DELOBJ                           ffe16f50 CLSCRACH
ffe1fe50 DELPAL                           ffe170a0 GRAMINIT
ffe04370 DELSHAD                          ffe18c70 DUMDIE
ffe04450 DELSOBJ                          ffe19900 INITDATA
ffe05740 DELSUPP                          ffe19ac0 SHVELCPY
ffe69be0 DENT_GROUND                      ffe19ac0 IDATAEND
fffdc680 DESERT1BMOD                      ffe19bd0 SHVELFLP
fffc7b90 DESHOMC1                         ffe19c10 FLP
fffc7bf0 DESHOMC2                         ffe19c70 XZCHK
fffc7c50 DESHOML1                         ffe19e30 CLRPDATA
fffc77b0 DESHOMU1                         ffe19f30 DFRMGRND
ffe19f30 DFRMGRND                         ffe19ff0 MIDPOINT
ffefd4f0 DIAGCPUTEST                      ffe1a150 GETCPNT
ffeb1600 DIAG                             ffe1a240 GET_BOTTOM_MID
ffef6080 DICT_LOOKUP                      ffe1a2f0 GET_INIT_CPNT
fff15d20 DINOCHEER_ANIM                   ffe1a460 GETCENT
fff14f80 DINOCOLL                         ffe1a530 SLINEVEL
fff15af0 DINOFLY_ANIM                     ffe1a600 WHICHSID
ffe35c20 DINOINIT_PNT_FIND                ffe1a740 ABOVBELO
ffe39b30 DINOLOAD                         ffe1a880 CK_OBJ_CENT
ffe3a660 DINOLOOK                         ffe1a980 CK_BOTTOM_CENT
ffe3a520 DINOLOOK_TURN                    ffe1aad0 PNT_IN_RANGE
ffe396c0 DINOMADXFER                      ffe1aca0 CHKRANGE
ffe3e4f0 DINOPUNCH                        ffe1ad20 ALIGNOBJ
ffe3ffa0 DINOREV                          ffe1ae70 CENTEROBJ
010a1b40 DINOSPEED                        ffe1b3e0 SET_ZPOS
fff8cf80 DINOSQUASH_SND                   ffe1b570 SET_TZPOS
ffe48120 DINOS_NEAR_PNT                   ffe1b620 SET_MZPOS
010001e0 DINOS                            ffe1b790 QBOXCK
ffe3a8d0 DINOTURN                         ffe1b7c0 QINSCRN
ffe32330 DINOWXFER                        ffe1baa0 MYOINIT
ffe9a570 DINOXFORM                        ffe1c210 RANDOM
ffe39fb0 DINO_ADD_VEL                     ffe1c370 RANDU
ffe426f0 DINO_CENTER                      ffe1c400 SRAND
ffe86480 DINO_FIND_CLOSEST                ffe1c4b0 RANGRAND
ffe868a0 DINO_FIND_FURTHEST               ffe1c580 RANDPER
ffe3a4b0 DINO_FRANIM                      ffe1c650 FILLAREA
ffe46d30 DINO_LOOK_HOME                   ffe1c680 BLNKAREA
ffe9bde0 DINO_MUNCH                       ffe1c770 STOPPED
ffe35b00 DINO_PNT_TST                     ffe1c800 PSTOP
ffe448f0 DINO_PUNCHED                     ffe1cdf0 SYNCHALF
ffe82a00 DINO_RING                        ffe1ce50 SYNCFULL
ffe41190 DINO_SPROING                     ffe1cf10 DRAWBOX
ffe41250 DINO_SQUASH                      ffe1d1e0 DTIME
ffe30c50 DINO_START                       ffe1d2e0 DMAN
ffe3ee40 DINO_TROG_CLUB                   ffe1d3b0 DMAWPAL
ffe3f110 DINO_TROG_OOF                    ffe1d580 DMAQWAIT
ffe39de0 DINO_VEL                         ffe1d9e0 SCRCLR
ffffa9b0 DIPCOINTAB                       ffe1db50 SETPPROC
ffe0a6f0 DIPINIT                          ffe1dc80 CLRBLOCK
fff01970 DIPTEST                          ffe1dcf0 FILBLOCK
ffe7d620 DIR_VELOCITY                     ffe1dda0 CLR_SCRN
01077920 DISPATCH_TABLE                   ffe1ddb0 FILL_SCRN
ffe01ee0 DISPH                            ffe1df80 CLRPLAY
01075a40 DISPLAYON                        ffe1e160 CLRP_P0
ffe00e30 DISPLAY                          ffe1e340 CLRP_P1
ffe00d00 DISPQT                           ffe1e4b0 FRANIM
fffe9650 DKGRAY                           ffe1ee30 FRAMSKIP
ffe00000 DMAINT                           ffe1f070 SKIP_ANIMATION
ffe1d2e0 DMAN                             ffe1f100 ANIMATOR
010004d0 DMAQCNT                          ffe1f1e0 ANIMATE_DEL
010004b0 DMAQCUR                          ffe1f2f0 IAUTOE
ffe1d580 DMAQWAIT                         ffe1f430 AUTOEOFF
ffe1d3b0 DMAWPAL                          ffe1f560 AUTOEON
fff11fb0 DO_ADJH                          ffe1f6d0 PAGE0
ffe1cf10 DRAWBOX                          ffe1f7a0 PAGE1
ffeb0c60 DRAW_P_BORDER                    ffe1f870 TURNPAGE
ffe9a550 DRONE_DELETE                     ffe1fa40 OSINK
ffefa9f0 DSCRCLR                          ffe1fc00 GET_PALID
ffe2b790 DSRCH_CLR                        ffe1fcd0 CHANGE_PAL
fffea680 DSRTPALS                         ffe1fde0 DELETE_PAL
ffe1d1e0 DTIME                            ffe1fe50 DELPAL
ffe9cfd0 DTREX_LEAP                       ffe1fed0 FINDPAL
ffe24b50 DUMBGND                          ffe20050 INITPAL
fff15300 DUMCOLL                          ffe20140 INIT_PAL
ffe3b030 DUMCRETS                         ffe20170 INITBPAL
ffe18c70 DUMDIE                           ffe20260 CLRPAL
fff13940 DUMFGND                          ffe203a0 CLRFPAL
ffe48aa0 DUMPPRINT                        ffe20430 CLRBPAL
ffe0ab10 DUMRETS                          ffe204c0 GETFPAL
fff38910 DUMSCRIPT                        ffe206c0 GETBPAL
ffe3b060 DUMSRETS                         ffe20a90 FREEPAL
fffbfdf0 DUXPAL                           ffe20db0 PALTRANS
ffe4d7e0 EARTHSHAKER                      ffe21010 PALSET
fffc6770 EASTEREGG                        ffe21170 PRCDSP
fff2b890 EGGCOLL                          ffe21350 PRCSLP
01000240 EGGS                             ffe21370 PRCLSP
01077a10 EGGS_LAID                        ffe21540 SUCIDE
010a1c80 EGG_DIVISOR                      ffe21660 PINIT
010a1c90 EGG_GROUPS                       ffe21800 KILL
010779f0 EGG_LIST                         ffe219b0 GETPRC
ffe860a0 EGG_OBJ                          ffe21ba0 XFERPROC_ID
ffe831e0 EGG_START                        ffe21c20 XFERPROC
ffe83710 EGG_START_IMM                    ffe21d80 OBJPROC_KILL
fff66610 EGG_TAB                          ffe21e40 OBJPROC_XFER
fffc4f90 EHOMBASU1                        ffe21f40 KILLPROC_ALL
fff64650 ELSTP0                           ffe21fc0 KILALL
fff66930 ELVISINIT                        ffe21fc0 KILLPROC_CLASS
010a1b20 EMOVECNT                         ffe221a0 KILALLA8
010a1b20 EMOVEEND                         ffe223e0 EXISTP
0109f4a0 EMOVEMAP                         ffe22520 COUNT_PROCESSES
ffed2df0 EMPTY_HSHOLD                     ffe22640 GETA11
ffe48160 ENEMIES_NEAR_PNT                 ffe226c0 GETA10
01000200 ENEMIES                          ffe22750 GETA9
ffe66c40 ENEMY_START                      ffe227e0 GETA8
fffc4e90 EOGPIT1                          ffe228e0 PUTA11
fffc4f10 ETAR5                            ffe22930 PUTA10
fffc71b0 ETRANBACK                        ffe22990 PUTA9
fffc9250 EXCLA1                           ffe229f0 PUTA8
fffc8170 EXCLA2                           ffe22ad0 SEND_COMM
fffc81d0 EXCLA3                           ffe22b20 COMM_WAIT
fffc8230 EXCLA4                           ffe22c70 COMM_WAIT_REMOTE
010a1cb0 EXECLED                          ffe22dc0 SEND_COMM_WAIT
ffe09b20 EXEC_LP                          ffe22e80 CLRSNDDB
ffe05120 EXISTOBJ                         ffe22f60 ONESND
ffe223e0 EXISTP                           ffe22ff0 SNDLD
ffe6f290 EXTRA_TROG_START                 ffe232c0 SNDPRC
fffe8e80 FACEPALS                         ffe23750 SNDSND
ffecd140 FAC_SET                          ffe23950 SNDRES
ffedceb0 FADEALL                          ffe23a90 CKSNDPRI
ffedcee0 FADEIN                           ffe23bb0 QSNDRST
ffedcf40 FADEOUT                          ffe23c90 FADE_UP
ffe23cd0 FADE_DOWN                        ffe23cd0 FADE_DOWN
ffedd1d0 FADE_ONLY                        ffe242a0 CVSDOFF
ffe23c90 FADE_UP                          ffe242e0 CVSDFOFF
010779e0 FAST_TIME                        ffe24320 SOUNDOFF
ffef2730 FB_HOUSE                         ffe24360 ALLOFF
ffe57930 FEAST_INTRO                      ffe243a0 MUSICOFF
ffe26560 FGND_OUT                         ffe243e0 MUSITOFF
ffe1dcf0 FILBLOCK                         ffe24420 YAMOFF
ffe1c650 FILLAREA                         ffe24460 VOLUME0
ffe1ddb0 FILL_SCRN                        ffe24910 VOLUMEF
ffe2c1f0 FINDAMOVE                        ffe24960 TEMPO_UP
ffe2bc80 FINDCMOVE                        ffe249e0 CLRBGND
ffe2b450 FINDMOVE                         ffe24b50 DUMBGND
ffe1fed0 FINDPAL                          ffe24e30 BGND_UD1
ffe2caa0 FIND_CLOSE_CPNT                  ffe250d0 BGND_UD2
ffe2d040 FIND_CLOSE_EPNT                  ffe26560 FGND_OUT
ffe2ce10 FIND_CLOSE_MPNT                  ffe26cf0 BTYPE_CK
ffe2ac60 FIND_CMOVE_X                     ffe26dd0 PJOY
ffe2acc0 FIND_CMOVE_Y                     ffe27a40 CONSMOVE
ffe2d270 FIND_FARTHEST_CPNT               ffe2a8c0 TOMOVE
ffe7ffe0 FIND_MVD                         ffe2a950 GETMOVE
ffe43550 FIND_OPEN_CPNT                   ffe2aa00 TWO_MOVES
ffe43410 FIND_SAFEST                      ffe2ab70 ONE_MOVE
ffe05620 FIND_SUPP_LAST                   ffe2ac60 FIND_CMOVE_X
fffc9610 FIREBALL1                        ffe2acc0 FIND_CMOVE_Y
fffc9f90 FIREBALL2                        ffe2b450 FINDMOVE
fffc9ff0 FIREBALL3                        ffe2b790 DSRCH_CLR
fffca050 FIREBALL4                        ffe2b8b0 FREE_MOVE_EGG
fffca350 FIREBALLO1                       ffe2bbd0 GETCMOVE
ffe44f70 FIREBALL                         ffe2bc80 FINDCMOVE
fffca3b0 FIREBALLO2                       ffe2c140 GETAMOVE
fffca410 FIREBALLO3                       ffe2c1f0 FINDAMOVE
fffca0b0 FIREBALLP0F1                     ffe2c6b0 GETEMOVE
fffca110 FIREBALLP0F2                     ffe2caa0 FIND_CLOSE_CPNT
fffca170 FIREBALLP0F3                     ffe2ccd0 COUNT_FREE_CMOVES
fffca1d0 FIREBALLP4F1                     ffe2ce10 FIND_CLOSE_MPNT
fffca230 FIREBALLP4F2                     ffe2d040 FIND_CLOSE_EPNT
fffca290 FIREBALLP4F3                     ffe2d270 FIND_FARTHEST_CPNT
ffe456d0 FIREBALL_XFER                    ffe2dbe0 BOUNDRY_CHECK
fff20d50 FIREINIT                         ffe2e110 PDRAW
fff237f0 FIREOUT_SND                      ffe2eaa0 LAY_BONES
fff237b0 FIRESTART_SND                    ffe2eb50 IND_BONE
fffc8dd0 FIREWERK1                        ffe2f1d0 DELBAR
ffe4f190 FIREWERK                         ffe2f540 BONE_OBLITERATE
fffc8e30 FIREWERK2                        ffe2f710 BONE_SMASH
fffc8e90 FIREWERK3                        ffe30140 VOBLIT1
fffc8ef0 FIREWERK4                        ffe30430 BONED_IN
fff238d0 FIRE_ANIMII                      ffe30600 BONED_IN_4
fff23c00 FIRE_DOWN                        ffe30700 BONED_IN_GREY
010a1b80 FIRE_DURATION                    ffe30980 BONE_OBJ
fff8d0c0 FIRE_SND                         ffe30b00 COUNT_BONES
fff23a60 FIRE_UP_MONKEY_SHIT              ffe30c50 DINO_START
fffbf750 FIXED3                           ffe32330 DINOWXFER
fff1ff30 FLAMEOUT6                        ffe35b00 DINO_PNT_TST
fff1ff90 FLAMEOUT7                        ffe35c20 DINOINIT_PNT_FIND
fff1fff0 FLAMEOUT8                        ffe38390 CELEBRATE_MESS
fff20050 FLAMESM2                         ffe38450 WIN_MESSAGES
fff221d0 FLOWERINIT                       ffe396c0 DINOMADXFER
ffe19c10 FLP                              ffe39900 COMPSNDTAB
010f2620 FORCEDIP                         ffe39a80 CELEBRATEAMATE
fff138d0 FOREGROUNDV2                     ffe39b30 DINOLOAD
010778f0 FOREGROUND                       ffe39de0 DINO_VEL
ffecc800 FORM_ADC                         ffe39fb0 DINO_ADD_VEL
01075c80 FPALRAM                          ffe3a4b0 DINO_FRANIM
ffe1ee30 FRAMSKIP                         ffe3a520 DINOLOOK_TURN
ffe42060 FRANIMATE_DIR                    ffe3a590 ANIMATE_TURN
ffe1e4b0 FRANIM                           ffe3a660 DINOLOOK
ffe03e30 FREEOBJ                          ffe3a8d0 DINOTURN
ffe03b30 FREEOBJE                         ffe3b030 DUMCRETS
ffe20a90 FREEPAL                          ffe3b060 DUMSRETS
ffe03aa0 FREESOBJ                         ffe3caf0 PLANT_STALL
ffe47060 FREEZE_EM                        ffe3d330 BUMP
01077a80 FREEZE_TIME                      ffe3d8b0 BUMPCK
01000020 FREE                             ffe3d930 VALIDHITX
ffe2b8b0 FREE_MOVE_EGG                    ffe3dac0 VALIDHITY
ffffaed0 FRENCH_1                         ffe3dc50 BONE_BETWEEN
ffffaf20 FRENCH_2                         ffe3e4f0 DINOPUNCH
ffffaf70 FRENCH_3                         ffe3ee40 DINO_TROG_CLUB
ffffafc0 FRENCH_4                         ffe3f110 DINO_TROG_OOF
ffffacd0 FRENCH_ELECTITLE                 ffe3ffa0 DINOREV
fffea190 FUT1PALS                         ffe41190 DINO_SPROING
fffea490 FUT2PALS                         ffe41250 DINO_SQUASH
ffecc9d0 F_ADC_S                          ffe416b0 CK_PIT_CENT
ffedd8c0 FadeIn                           ffe41fb0 ANIMATE_DIR
ffedd9f0 FadeOut                          ffe42060 FRANIMATE_DIR
fffc12a0 GAMEFIX                          ffe42120 LOAD_DIR
fffc39b0 GAMEOVER                         ffe421f0 NOTDIR
010776c0 GAMERASE                         ffe42300 IS_DINO_DEAD_A8
010f2110 GAMEUNITS                        ffe42340 IS_DINO_DEAD_A0
ffe0d230 GAME_DIFFICULTY                  ffe424b0 MARK_DINO_DEAD
fffb7290 GAME_DIFF_TAB                    ffe42580 GET_DINO_CPNT
ffe539c0 GAME_ENDER                       ffe42670 GET_DINO_MPNT
ffe0d4d0 GAME_INTRO                       ffe426f0 DINO_CENTER
ffe13590 GAME_OVER                        ffe428a0 BUILD_TENSION
ffea1470 GAME_OVER_FLY                    ffe42ab0 GET_TENSION
01077680 GAME_STATE                       ffe42b80 ADD_FRUST
ffe079b0 GANIOF                           ffe43410 FIND_SAFEST
ffe068f0 GANISAG                          ffe43550 FIND_OPEN_CPNT
ffe039f0 GBPALOBJ                         ffe438a0 SEARCH_SAFE
01077750 GDIFF_RAM_END                    ffe43b70 START_INVINCIBILITY
010776f0 GDIFF_RAM_ST                     ffe43f90 KILL_INVINCIBILITY
fffc76b0 GEM1                             ffe44250 SLEEP_START
fffc7b30 GEM2                             ffe443b0 ANIMATE_BUTTON
fffca570 GEMDIAMOND                       ffe445b0 PUNCHED
fffca5f0 GEMSPHERE                        ffe448f0 DINO_PUNCHED
fffca670 GEMSQUARE                        ffe44b90 SPIT_FIRE
ffe579a0 GEM_INTRO                        ffe44f70 FIREBALL
ffffad90 GERMAN_1                         ffe456d0 FIREBALL_XFER
ffffade0 GERMAN_2                         ffe46d30 DINO_LOOK_HOME
ffffae30 GERMAN_3                         ffe47060 FREEZE_EM
ffffae80 GERMAN_4                         ffe48120 DINOS_NEAR_PNT
ffffad30 GERMAN_ELECTITLE                 ffe48160 ENEMIES_NEAR_PNT
ffe226c0 GETA10                           ffe48480 OBJ_NEAR_CENT
ffe22640 GETA11                           ffe48640 OBJ_WHOLE_CENT
ffe227e0 GETA8                            ffe486a0 SEE_STARS
ffe22750 GETA9                            ffe48aa0 DUMPPRINT
ffe2c140 GETAMOVE                         ffe48ab0 COLOR_START
ffe07860 GETANIX                          ffe49e20 WATER_CYCLE
ffe07700 GETANIXY_PACKED                  ffe49f30 LAVA_CYCLE
ffe075d0 GETANIXY                         ffe4a040 TUNNEL_CYCLE
ffe206c0 GETBPAL                          ffe4a150 CYCLE16
ffe1a460 GETCENT                          ffe4a6c0 BUYINWIN
ffe2bbd0 GETCMOVE                         ffe4bfe0 WIPE_FROM_MID
ffe1a150 GETCPNT                          ffe4c3c0 OWINDOW_OID
ffe2c6b0 GETEMOVE                         ffe4c460 OWINDOW
ffe204c0 GETFPAL                          ffe4c790 CWINDOW
ffe69e80 GETINIT_G                        ffe4c960 OBJEXP32
ffe2a950 GETMOVE                          ffe4d1b0 SKYUP
ffe03630 GETOBJ                           ffe4d430 SKYDOWN
ffe219b0 GETPRC                           ffe4d7e0 EARTHSHAKER
ffebfca0 GETSTICK                         ffe4db20 BORDER_MARQUEE
ffeccab0 GET_ADJ                          ffe4e190 PARTY_STUFF
ffecc180 GET_AUD                          ffe4e390 DANCE_STUFF
ffe80840 GET_BEST_DIRECTION               ffe4ef70 WOWDEL
ffe1a240 GET_BOTTOM_MID                   ffe4f190 FIREWERK
fff0dca0 GET_CSPT                         ffe4f940 STAT_WORKS
ffed71f0 GET_CSTR                         ffe50420 BMX5_SND
ffe42580 GET_DINO_CPNT                    ffe50460 TIME_WARP
ffe42670 GET_DINO_MPNT                    ffe539c0 GAME_ENDER
ffe816c0 GET_DIRECTIONS                   ffe57930 FEAST_INTRO
ffe81320 GET_DIRECTIONS_TO_MOVE           ffe579a0 GEM_INTRO
ffe87250 GET_EXIT_ANI                     ffe57a10 BONFIRE_INTRO
ffece8f0 GET_HSCR                         ffe5b470 SPARKLE
ffecdd80 GET_HSC                          ffe5fba0 PRINTF
ffe1a2f0 GET_INIT_CPNT                    ffe5fc80 STRLNRM
ffe1fc00 GET_PALID                        ffe5fcd0 STRCNRM
ffeba350 GET_PLAYS                        ffe5fd20 STRRNRM
ffe42ab0 GET_TENSION                      ffe5fd70 STRLNRMO
ffe7f660 GET_TROG_CPNT                    ffe5fde0 STRCNRMO
ffe7f700 GET_TROG_MPNT                    ffe5fe50 STRRNRMO
fff0e1a0 GO_ADJ                           ffe5fec0 STRLNC
ffe03900 GPALOBJSTF                       ffe5ff10 STRCNC
ffe03850 GPALOBJ                          ffe5ff60 STRRNC
ffe15e70 GPLAYD                           ffe60020 STRCNCO
ffe15d30 GPLAYNUM                         ffe60090 STRLNRMS
01077850 GRAMEND                          ffe60100 STRCNRMS
ffe170a0 GRAMINIT                         ffe60170 STRRNRMS
01077690 GRAMSTRT                         ffe601e0 STRCNRMOS
fffea080 GRAYSHAP                         ffe61b30 STRINGF
fffe9a90 GREEN15                          ffe63af0 STRNGLEN
fffc1470 GREEN16                          ffe63dd0 HEXTOASC
fffc0d50 GREENFUR                         ffe642e0 HTOHXASC
fffea380 GREENPST                         ffe64d50 L_MESS
fffc1580 GREY16                           ffe64e70 LM_SETUP
fff51980 GROWL_TAB                        ffe64ec0 LM_FINIS
ffe06e20 GSAGOF                           ffe64ed0 LM_PRINTF
ffe066a0 GSCRNREL                         ffe64f10 CLRTEXT
fffc57f0 GTRSTP0                          ffe65be0 COLL_START
fff75930 GWENATAB                         ffe665c0 MASTERDP
fffc6df0 GWENCHEERF1                      ffe66c40 ENEMY_START
fffc6e50 GWENCHEERF2                      ffe673b0 LIGHT_MY_FIRE
fffc6d90 GWENCHEERF3                      ffe67f20 OPEN_PIT
fff5fc90 GWENHC1                          ffe683a0 TROG_PIT
fffc1e70 GWENHED                          ffe688e0 TROG_PIT_COMM
fffc4030 GWENHHAND1                       ffe68f60 HOUSE_PIT
fffc3250 GWENHHAND2                       ffe69650 TUNNEL_PIT
fff8afa0 GWENTUNN_D                       ffe69be0 DENT_GROUND
fff8b270 GWENTUNN_LR                      ffe69e80 GETINIT_G
fff8acd0 GWENTUNN_U                       ffe6c0a0 TARBAITER
fffc32b0 GWENVHAND1                       ffe6e470 VALID_CPNT
fffc3310 GWENVHAND2                       ffe6f130 TROG_START
fff7c750 GWEN_FLIPIN                      ffe6f290 EXTRA_TROG_START
fff7cef0 GWEN_FLIPOUT                     ffe6f8c0 TROG_START_WAIT
ffea2120 G_CRED                           ffe70da0 TROGWXFER
fffc6870 HBONBLUEV                        ffe73d50 TROGDEATH_OLD_RET
fffc4670 HBONCR1                          ffe73df0 DELETE_TROG
fffc46d0 HBONCR2                          ffe74c00 TROG_RANDOM_FIND
fffc4730 HBONCR3                          ffe76820 TROG_VALIDATE_CHASEE
fffc3370 HBONCR4                          ffe776c0 CLEAR_PURSUIT
fffc4790 HBONCR5                          ffe77770 TROG_VEL_NORMAL
fffc67f0 HBONREDH                         ffe77900 CLIP_INTO
ffe63dd0 HEXTOASC                         ffe79c80 TROG_BUMP
ffe9d490 HIGHSCORECHECK                   ffe7c860 TROG_OOF
fffc2e30 HOMBASC1                         ffe7d620 DIR_VELOCITY
fffc2e90 HOMBASC2                         ffe7f040 TROG_SQUASH
fffc2dd0 HOMBASL1                         ffe7f660 GET_TROG_CPNT
fffc3830 HOMBASU1                         ffe7f700 GET_TROG_MPNT
fff5fe90 HOMEC1                           ffe7f780 TROG_CENTER
fff5ff10 HOMEC2                           ffe7f800 TROG_NEW_PNT
fff5fe10 HOMEL1                           ffe7f930 CK_TROG_CENT
fff5ff90 HOMEU1                           ffe7ffe0 FIND_MVD
fff2b470 HOUSEB_SND2                      ffe80840 GET_BEST_DIRECTION
fff2b430 HOUSEB_SND                       ffe81020 CENTER_CHECK
010002a0 HOUSELST                         ffe81320 GET_DIRECTIONS_TO_MOVE
fffc38b0 HOUSEPOST                        ffe816c0 GET_DIRECTIONS
01077a40 HOUSES                           ffe81a90 SELECT_DINO
0000001f HOUSEZPOS                        ffe81fd0 SCORE_TO_PLAYER
fff66410 HOUSE_ANIS                       ffe828b0 ALLOT_EGGS
ffe68f60 HOUSE_PIT                        ffe82a00 DINO_RING
01000260 HOUSE_PITS                       ffe831e0 EGG_START
ffe89b10 HOUSE_SEL                        ffe83570 WAVE_ENTERS
ffef1b10 HOUSE_START                      ffe83710 EGG_START_IMM
fff66390 HOUSE_TAB                        ffe83910 LAY_EGGS
ffef5230 HOUSE_TABLE_1                    ffe860a0 EGG_OBJ
ffef52f0 HOUSE_TABLE_2                    ffe86480 DINO_FIND_CLOSEST
ffef5450 HOUSE_TABLE_3                    ffe868a0 DINO_FIND_FURTHEST
010a1ce0 HSINTRAM                         ffe86fd0 ISHOME
ffea7270 HSTD_ENTRY_POINT                 ffe87250 GET_EXIT_ANI
ffe642e0 HTOHXASC                         ffe883a0 RECLAIM_LAND
ffef9aa0 HVLINE                           ffe89b10 HOUSE_SEL
ffec1df0 H_SLAVE                          ffe8a3d0 WHEEL_START
ffe1f2f0 IAUTOE                           ffe8a500 WHEEL_PROCESS
ffe19ac0 IDATAEND                         ffe8ad70 WHLXFER
0000001c IDATALEN                         ffe8cdd0 WHL_CENTER
ffe15b80 INC_PCONSECUTIVE                 ffe8df90 WHL_OOF
ffe15a50 INC_PLAYER_TIMERS                ffe8e3d0 WHEEL_STOP
ffe2eb50 IND_BONE                         ffe8ff80 WHLFIRE_EXT
ffe20170 INITBPAL                         ffe90c20 TROGSPRG_START
ffef9870 INITCOLR                         ffe90e30 TROGSPRG_PROCESS
ffe19900 INITDATA                         ffe91740 TROGBXFER
ffe20050 INITPAL                          ffe92df0 TROGSSDEATH_OLD_RET
ffed2ac0 INIT_HSHOLD                      ffe947e0 TROG_SHADOW_UPDATE
ffecdba0 INIT_HSR                         ffe951b0 BLOCK_CHECK
ffe20140 INIT_PAL                         ffe97f30 SMACK_SCREEN
ffecefe0 INIT_TAB                         ffe9a550 DRONE_DELETE
ffecf0f0 INIT_TB                          ffe9a560 CLR_DRONE
ffe03ee0 INSB2OBJ                         ffe9a570 DINOXFORM
ffe03f40 INSBOBJ                          ffe9b5a0 TREX_KILL
ffe041c0 INSERT_OBJ                       ffe9bde0 DINO_MUNCH
ffe04260 INSERT_OBJ_SUPP                  ffe9c940 TREX_STOMP
ffe05560 INSERT_SUPP                      ffe9cfd0 DTREX_LEAP
ffe04020 INSOBJ                           ffe9d320 CK_TREX
ffe03fa0 INSSOBJ                          ffe9d440 TVBP
01075c60 INTSYNC0                         ffe9d480 TVBPX
01075c70 INTSYNC1                         ffe9d490 HIGHSCORECHECK
010a1cc0 IRQLED                           ffe9e240 SCIDONE
010764e0 IRQSKYE                          ffe9e990 LOOKSTICK
ffe86fd0 ISHOME                           ffe9ed60 LOOKFIRE
ffea2960 ISLAND_NUM                       ffea03a0 SCORPROC
fffe9480 ISLEPALS                         ffea1470 GAME_OVER_FLY
ffe05bd0 ISSUPPANI                        ffea1de0 SCORAREA
ffe059b0 ISSUPP                           ffea1e30 P0_P1_SCORE
ffe05aa0 ISSUPPID                         ffea1f30 SCOREHILITE
ffe42340 IS_DINO_DEAD_A0                  ffea20a0 MARQUEE
ffe42300 IS_DINO_DEAD_A8                  ffea2120 G_CRED
ffe05520 IS_OBJ_OFF                       ffea2960 ISLAND_NUM
fffea660 ITPAPALS                         ffea36c0 UPDSL
fffea270 IVORYPST                         ffea3b30 BCDADD
ffe221a0 KILALLA8                         ffea3d00 SCORE
ffe21fc0 KILALL                           ffea3eb0 SCORE_IF_ACTIVE
ffe046c0 KILB2OBJ                         ffea44c0 OUTSCR
ffe04730 KILBOBJ                          ffea4970 OUTBOZO
ffe21f40 KILLPROC_ALL                     ffea4b80 AWARD_EXTRAS
ffe21fc0 KILLPROC_CLASS                   ffea4d70 SUBLIFE
ffecc4b0 KILL_AUD                         ffea4ea0 OUTLIVES
ffe43f90 KILL_INVINCIBILITY               ffea5350 SENDOBJ
ffe21800 KILL                             ffea53e0 SEND2SCR
ffe04a10 KILL_OBJECTS                     ffea5830 SCOREOBJ
ffe047a0 KILOBJ                           ffea5870 SCORE2XOBJ
ffe04990 KILOBJ_ALL                       ffea6a00 ATTRACT_MODE
ffe04660 KILOBJ_XA8                       ffea6d00 ATT_MODE_HSTD
010f1dd0 LASTCOLOR                        ffea7270 HSTD_ENTRY_POINT
fffe9040 LAVA2                            ffea7360 CRED_ENTRY_POINT
fff13a20 LAVABGND1                        ffea7460 ATT_MODE_GAME_OVER
fff13a80 LAVABGND2                        ffeae620 OCTO_PAGE
ffe49f30 LAVA_CYCLE                       ffeaed90 CREDITS_TEXT
fff9e170 LAVA_SPLASH                      ffeb0c60 DRAW_P_BORDER
fffe9370 LAVPOST2                         ffeb1600 DIAG
ffe2eaa0 LAY_BONES                        ffeb2c50 CPU_RET
ffe83910 LAY_EGGS                         ffeb43d0 BLASTMESS
ffed8bd0 LCOIN                            ffeb7a60 OCTO_PRINT_AUDS
ffe673b0 LIGHT_MY_FIRE                    ffeb7c20 OCTO_PRINT_AUDS_2
fffe9540 LITGRAY                          ffeba350 GET_PLAYS
fffc4910 LITTLELOG                        ffeba560 SET_AVGWAVE
ffe64ec0 LM_FINIS                         ffebc1f0 ANY_BUT
ffe64ed0 LM_PRINTF                        ffebc270 WAIT_BUT
ffe64e70 LM_SETUP                         ffebc5a0 CKTEST
ffef5df0 LM_XFINIS                        ffebc6f0 CKDIAG
ffe42120 LOAD_DIR                         ffebcf40 MENU_TOP
ffed67b0 LOGOINIT                         ffebd500 COL_INST
fffe8fe0 LOGPALS                          ffebd820 BEEP_1
ffe9ed60 LOOKFIRE                         ffebd920 WOLF
ffe9e990 LOOKSTICK                        ffebd9a0 UHOH
fffc4490 LSPLASH1                         ffebdb10 B_MENU
fffc44f0 LSPLASH2                         ffebfba0 ST_STICK
fffc4550 LSPLASH3                         ffebfca0 GETSTICK
fffc45b0 LSPLASH4                         ffec19e0 STD_BORD
fffc4610 LSPLASH5                         ffec1c00 BLNKHELP
ffe64d50 L_MESS                           ffec1d50 P_FORK
ffef5f00 L_XMESS                          ffec1df0 H_SLAVE
010a1c30 MAINTUNE                         ffec3df0 ROM_NAME
ffe0a1b0 MAIN_INIT                        ffec4d30 MESS_MM
ffe05360 MAKE_OBJ                         ffecc180 GET_AUD
ffe424b0 MARK_DINO_DEAD                   ffecc2c0 STORE_AUDIT
ffea20a0 MARQUEE                          ffecc3c0 CLR_AUDR
ffe665c0 MASTERDP                         ffecc4b0 KILL_AUD
01077740 MAXBARS                          ffecc560 AUD
01077730 MAXBOZO                          ffecc670 AUD1
010a1c70 MAX_TROGSPEED                    ffecc6f0 CLR_AUD
ffebcf40 MENU_TOP                         ffecc7a0 CMOS_VAL
ffff10e0 MEN_ADJ                          ffecc800 FORM_ADC
ffec4d30 MESS_MM                          ffecc9d0 F_ADC_S
ffe19ff0 MIDPOINT                         ffeccab0 GET_ADJ
0109baf0 MOVECNT                          ffeccc40 PUT_ADJ
0109baf0 MOVEEND                          ffeccfe0 ADJ_PAGE
01077af0 MOVEMAP                          ffecd080 DEF_PAGE
ffe083f0 MULTI_MAKE                       ffecd140 FAC_SET
ffe243a0 MUSICOFF                         ffecd410 CMOSUNLOCK
ffe243e0 MUSITOFF                         ffecd4a0 CMOSLOCK
ffe1baa0 MYOINIT                          ffecd910 ALL_TAB
01075a70 NOAUTOE                          ffecd990 TOD_TAB
ffe421f0 NOTDIR                           ffecda10 DEC_HSR
fffc0080 NOYLAND1                         ffecdba0 INIT_HSR
fffc05e0 NOYLANDY                         ffecdd80 GET_HSC
fffc06f0 NOYPINK                          ffecdfe0 CKHSTD
ffeda830 NO_CREDS                         ffece110 TRYADD
01077630 NPLAYERS                         ffece290 CHECK_INITS
010a1cb0 NRAMEND                          ffece8f0 GET_HSCR
010a1ca0 NRAMSTRT                         ffeced00 PT_ENTRY
010a1be0 NUM_TROGS                        ffeced90 ROM_PTRS
010a1b90 NUM_WHEELS                       ffecee60 SET_PAGE
00000005 NUM_WIN_MESSAGES                 ffecefe0 INIT_TAB
ffe06300 OBJECTS_OFF                      ffecf0f0 INIT_TB
ffe06170 OBJECTS_ON                       ffecf410 VAL_TAB
ffe4c960 OBJEXP32                         ffecfc90 RC_BYTE
01000040 OBJLST                           ffecfce0 WC_BYTE
ffe21d80 OBJPROC_KILL                     ffecfd00 RC_BYTEI
ffe21e40 OBJPROC_XFER                     ffecfd60 RC_WORD
01000560 OBJSTR                           ffecfe80 RC_WORDI
ffe07c50 OBJTOPNT                         ffecfee0 RC_LONG
ffe48480 OBJ_NEAR_CENT                    ffed0000 RC_LONGI
ffe053d0 OBJ_OFF                          ffed0060 WC_BYTEI
ffe05470 OBJ_ON                           ffed00b0 WC_WORD
ffe07b30 OBJ_TO_PNT                       ffed0170 WC_WORDI
ffe48640 OBJ_WHOLE_CENT                   ffed01c0 WC_LONG
010f2180 OCTO_FLAG                        ffed0280 WC_LONGI
ffeae620 OCTO_PAGE                        ffed02d0 ATT_HSTD
ffeb7a60 OCTO_PRINT_AUDS                  ffed2790 CLEAR_HSCOLORS
ffeb7c20 OCTO_PRINT_AUDS_2                ffed2ac0 INIT_HSHOLD
01000060 OFREE                            ffed2b90 ADD_HSHOLD
fff20cf0 OGPIT11                          ffed2df0 EMPTY_HSHOLD
fffc6eb0 OING1                            ffed5590 CREDIT_SCREEN
fffc6f30 OING2                            ffed66d0 COPYRIGHTINIT
fffc6fb0 OING3                            ffed67b0 LOGOINIT
fffc7030 OING4                            ffed71f0 GET_CSTR
fffc70b0 OING5                            ffed77d0 CAT_A0
ffe02ff0 OINIT                            ffed7890 STRCAT
ffe22f60 ONESND                           ffed8930 CRED_STRING
ffe2ab70 ONE_MOVE                         ffed89e0 CHECKFREE
010f1c70 ON_CRED                          ffed8a50 SCOIN
010f2030 ON_HSTD                          ffed8b50 XCOIN
ffe67f20 OPEN_PIT                         ffed8bd0 LCOIN
ffe1fa40 OSINK                            ffed8c50 CCOIN
ffea4970 OUTBOZO                          ffed8cd0 RCOIN
ffea4ea0 OUTLIVES                         ffed9f90 CRED_P
ffea44c0 OUTSCR                           ffeda830 NO_CREDS
010a1fa0 OVERLOAD                         ffeda920 CR_BOTH
ffe4c3c0 OWINDOW_OID                      ffedab80 CR_STRTP
ffe4c460 OWINDOW                          ffedad00 CR_CONTP
ffea1e30 P0_P1_SCORE                      ffedae80 P_START
01000140 P1BARS                           ffedb060 P_CONT
fffeb020 P1BOXBONEh                       ffedb350 TIMEINIT
fffeb0a0 P1BOXBONEv                       ffedb3f0 TIMEINT
010764f0 P1DATA                           ffedc4b0 COININT
fff65d10 P1GEMDINO                        ffedcc30 SLAM
fffc3bb0 P1HBON                           ffedceb0 FADEALL
fffc3c30 P1VBON                           ffedcee0 FADEIN
fff65c10 P1W1DINO                         ffedcf40 FADEOUT
fff65c90 P1WFDINO                         ffedd1d0 FADE_ONLY
01000160 P2BARS                           ffedd8c0 FadeIn
01076940 P2DATA                           ffedd9f0 FadeOut
fff65e90 P2GEMDINO                        ffeddb00 CAVESHOW1
fffc3ab0 P2HBON                           ffeddcb0 CAVESHOW2
fffc3b30 P2VBON                           ffeddd30 CAVESHOW3
fff65d90 P2W1DINO                         ffedddb0 CAVESHOW4
fff65f10 P2WFDINO                         ffedde30 CAVESHOW5
fff65e10 P2WHDINO                         ffeddeb0 CAVESHOW6
01000180 P3BARS                           ffeed600 CATAPULT_START
01076d90 P3DATA                           ffef1b10 HOUSE_START
fff66090 P3GEMDINO                        ffef2730 FB_HOUSE
fffc3cb0 P3HBON                           ffef4500 ROCK_START
fffc3d30 P3VBON                           ffef5230 HOUSE_TABLE_1
fff65f90 P3W1DINO                         ffef52f0 HOUSE_TABLE_2
fff66110 P3WFDINO                         ffef5450 HOUSE_TABLE_3
fff66010 P3WHDINO                         ffef56d0 TROGHENG1
010001a0 P4BARS                           ffef5770 TROGSKULL1
010771e0 P4DATA                           ffef5810 TROGSKULL2
fff66310 P4GEMDINO                        ffef58f0 ROCK_TABLE_1
fffc3db0 P4HBON                           ffef5a10 ZIG_TABLE_1
fffc3e30 P4VBON                           ffef5a70 ZIG_TABLE_2
fff66190 P4W1DINO                         ffef5c10 PALM_TABLE_1
fff66290 P4WFDINO                         ffef5df0 LM_XFINIS
fff66210 P4WHDINO                         ffef5f00 L_XMESS
ffe1f6d0 PAGE0                            ffef6080 DICT_LOOKUP
01075a80 PAGE                             ffef8320 SYSFONT
ffe1f7a0 PAGE1                            ffef9870 INITCOLR
fffc7730 PALM1                            ffef9950 POINT
fffc7ad0 PALM2                            ffef99e0 RECTANGLE
ffef5c10 PALM_TABLE_1                     ffef9aa0 HVLINE
01075c80 PALRAM                           ffef9c30 STRING
ffe21010 PALSET                           ffef9f00 STRINGCENTER
ffe20db0 PALTRANS                         ffefa0e0 CIRCLE
fffc6370 PAPPLE1                          ffefa9f0 DSCRCLR
fffc63f0 PAPPLE2                          ffefaa90 POWERCMOS
fffc6470 PAPPLE3                          ffefd370 BURNIN
fffc64f0 PAPPLE4                          ffefd4f0 DIAGCPUTEST
fffc6570 PAPPLE5                          fff003b0 POWERTST
fffc65f0 PAPPLE6a                         fff01290 CONV_PLOT
fffc6670 PAPPLE6b                         fff014d0 COLORBAR
fffc66f0 PAPPLE6c                         fff01970 DIPTEST
ffe4e190 PARTY_STUFF                      fff02dc0 CHECKDIPFREE
010a1bf0 PAUSE_GAME                       fff03520 READ_DIP
ffe09930 PCMOSRET                         fff03760 SWITCHTEST
010f0780 PCYCLEHI                         fff0dca0 GET_CSPT
010f0790 PCYCLELO                         fff0deb0 BINBCD
01076490 PCYCLE_RAM                       fff0e1a0 GO_ADJ
01077650 PDELAY                           fff118f0 CKDIP
ffe2e110 PDRAW                            fff11970 SET_COIN_ADJ
fff225f0 PINEAPPLEINIT                    fff11fb0 DO_ADJH
fff227e0 PINEAPPLESPIN                    fff138d0 FOREGROUNDV2
ffe21660 PINIT                            fff138d0 .data
fffbf640 PINK16                           fff138d0 etext
fffc92b0 PINWEEL1                         fff13940 DUMFGND
fffc8290 PINWEEL2                         fff13960 BACKGROUND1
fffc82f0 PINWEEL3                         fff139c0 BACKGROUND2
fffc8350 PINWEEL4                         fff13a20 LAVABGND1
fffc83b0 PINWEEL5                         fff13a80 LAVABGND2
fffc8410 PINWEEL6                         fff13ae0 BACKGROUNDE
fffc8470 PINWEEL7                         fff13b40 BACKGROUNDC
fffc84d0 PINWEEL8                         fff13ba0 BACKGROUNDW
fff21570 PITINIT                          fff13c00 BACKGROUNDS
fff25b60 PIT_CLOSE                        fff13c60 BACKGROUNDCRAY
ffe26dd0 PJOY                             fff13cc0 BACKGROUNDDSRT
ffe3caf0 PLANT_STALL                      fff13d20 BACKGROUNDX2
ffe0c9c0 PLAYER_CLR                       fff13d80 BACKGROUNDX3
ffe0caf0 PLAYER_RESTART                   fff13de0 BACKGROUNDX5
ffe0c2a0 PLAYER                           fff13e40 BACKGROUNDX6
ffe0c5d0 PLAYER_DELETE                    fff13ea0 TROGCAVE1
fffc2c10 PLAYMATION                       fff13f00 TROGCAVE2
fffc1360 PLNTPOST                         fff13f60 CREDITBGND
ffe0c1b0 PNAME15_TAB                      fff13fc0 BARTAB
ffe0bfe0 PNAME_TAB                        fff14a00 WIN_SND
ffe1aad0 PNT_IN_RANGE                     fff14d80 ALIGNTAB
ffef9950 POINT                            fff14f80 DINOCOLL
fff54e30 POSTMAP1                         fff15300 DUMCOLL
fff56c70 POSTMAP2                         fff15af0 DINOFLY_ANIM
fff57a90 POSTMAPX2                        fff15d20 DINOCHEER_ANIM
fff589b0 POSTMAPX3                        fff1c970 RD5FONT
fff598d0 POSTMAPX5                        fff1d510 RD7FONT
fff55d50 POSTMAPX6                        fff1e150 RD15FONT
01077a90 POSTMAP                          fff1edb0 RD20FONT
fffe9260 POSTPAL3                         fff1ff30 FLAMEOUT6
fffe9e60 POSTPINK                         fff1ff90 FLAMEOUT7
01000120 POSTSUPP                         fff1fff0 FLAMEOUT8
fffe9f70 POSTSY                           fff20050 FLAMESM2
ffefaa90 POWERCMOS                        fff20470 SMOKESTAR41
ffe09800 POWERRET                         fff206f0 TAR1a
fff003b0 POWERTST                         fff20cf0 OGPIT11
010a1bc0 POWERUP_DURATION                 fff20d50 FIREINIT
ffe094f0 POWERUP                          fff20f30 TARINIT
ffe21170 PRCDSP                           fff21570 PITINIT
ffe21370 PRCLSP                           fff221d0 FLOWERINIT
ffe21350 PRCSLP                           fff223e0 SHROOMINIT
010a1fb0 PRCSTR                           fff225f0 PINEAPPLEINIT
01077660 PREPEAT                          fff227e0 PINEAPPLESPIN
fffc2b90 PRESENTS                         fff234b0 TARBUBBLE_SND
ffe5fba0 PRINTF                           fff235f0 TAR_ANIM1
ffe1c800 PSTOP                            fff236d0 TAROUT
01075f80 PTRRAM                           fff237b0 FIRESTART_SND
fffc5770 PTRSTP0                          fff237f0 FIREOUT_SND
ffeced00 PT_ENTRY                         fff238d0 FIRE_ANIMII
ffe445b0 PUNCHED                          fff23a60 FIRE_UP_MONKEY_SHIT
fff8d000 PUNCH_SND                        fff23c00 FIRE_DOWN
fffe9760 PURP15                           fff24a20 START_FIRE_LR
fffc0c40 PURPFUR                          fff25b60 PIT_CLOSE
ffe22930 PUTA10                           fff25d90 WAVE1DSP
ffe228e0 PUTA11                           fff26060 WAVE3DSP
ffe229f0 PUTA8                            fff262d0 WAVE4DSP
ffe22990 PUTA9                            fff26600 WAVE7DSP
ffeccc40 PUT_ADJ                          fff26810 WAVE8DSP
010001c0 PXBARS                           fff269e0 WAVE9DSP
fffca470 PXHBON                           fff26bb0 WAVE10DSP
fffca4f0 PXVBON                           fff26e30 WAVE11DSP
ffedb060 P_CONT                           fff27090 WAVE12DSP
ffec1d50 P_FORK                           fff27360 WAVE13DSP
ffedae80 P_START                          fff274d0 WAVE14DSP
ffe1b790 QBOXCK                           fff27730 WAVE15DSP
ffe023c0 QDMAN                            fff27a70 WAVE16DSP
ffe02200 QDMA                             fff27ca0 WAVE17DSP
ffe1b7c0 QINSCRN                          fff27d50 WAVE18DSP
ffe029c0 QSCRTST                          fff27fb0 WAVE19DSP
ffe23bb0 QSNDRST                          fff28270 WAVE20DSP
010004a0 QSYNC                            fff285a0 WAVE21DSP
fffc79b0 RADI1                            fff28820 WAVE22DSP
fffc7a10 RADI2                            fff28c20 WAVE23DSP
fffc7a70 RADI3                            fff29080 WAVE32DSP
fffc75b0 RADI4                            fff29250 WAVE33DSP
ffe1c210 RANDOM                           fff29420 WAVE34DSP
ffe1c580 RANDPER                          fff29470 WAVE36DSP
01075a90 RAND                             fff29640 WAVE38DSP
ffe1c370 RANDU                            fff298d0 WAVE42DSP
ffe1c4b0 RANGRAND                         fff29c60 WAVE43DSP
ffed8cd0 RCOIN                            fff29e90 WAVE45DSP
ffecfc90 RC_BYTE                          fff2a2f0 WAVE46DSP
ffecfd00 RC_BYTEI                         fff2a6f0 WAVE47DSP
ffed0000 RC_LONGI                         fff2a860 WAVE48DSP
ffecfee0 RC_LONG                          fff2ad30 TROGCOLL
ffecfe80 RC_WORDI                         fff2b430 HOUSEB_SND
ffecfd60 RC_WORD                          fff2b470 HOUSEB_SND2
fff1e150 RD15FONT                         fff2b890 EGGCOLL
fff1edb0 RD20FONT                         fff2d900 WHEEL410
fff1c970 RD5FONT                          fff2fd70 WHLINIT
fff1d510 RD7FONT                          fff2fe50 WHLATAB
fff03520 READ_DIP                         fff38910 DUMSCRIPT
ffe883a0 RECLAIM_LAND                     fff3c910 TRBOP0F2
ffef99e0 RECTANGLE                        fff3c970 TRBOP0F3
fffe9980 RED1115                          fff3c9d0 TRBOP0F4
fffbf930 RED16                            fff3ca30 TRBOP0F5
fffc0f70 REDFUR                           fff3da70 TRBOP0F1
fff64c50 RESTP0                           fff40e00 TROGWOBBLE_D
fff67110 REXATAB                          fff4b2a0 TROGSMACK2_SND
fffc6a90 REXCHEERF1                       fff51980 GROWL_TAB
fffc6af0 REXCHEERF2                       fff54c20 REXGROWL_SND
fffc6b50 REXCHEERF3                       fff54ce0 REXUP_SND
fffc6bb0 REXCHEERF4                       fff54d60 REXTUNE_SND
fff54c20 REXGROWL_SND                     fff54db0 REXSCORE_SND
fff64dd0 REXHC1                           fff54e30 POSTMAP1
fffc1cf0 REXHED                           fff55d50 POSTMAPX6
fffc3f30 REXHHAND1                        fff56c70 POSTMAP2
fffc3010 REXHHAND2                        fff57a90 POSTMAPX2
fff64d50 REXHL1                           fff589b0 POSTMAPX3
fff66690 REXINIT                          fff598d0 POSTMAPX5
fff54db0 REXSCORE_SND                     fff5a5f0 BOUNDRY1
fff54d60 REXTUNE_SND                      fff5a660 BOUNDRY2
fff54ce0 REXUP_SND                        fff5a740 BOUNDRYV2
fffc3070 REXVHAND1                        fff5a800 BOUNDRYX5
fffc30d0 REXVHAND2                        fff5aa50 BOUNDRYX6
fffc8f50 ROCKET1                          fff5ac00 BOUNDRYX2
fffc8fb0 ROCKET2                          fff5ad60 BOUNDRYX3
fffc9010 ROCKET3                          fff5ae70 SPWAP4F1
fffc9070 ROCKET4                          fff5aef0 SPSTP0
fffc90d0 ROCKET5                          fff5fb90 gwenegg
fffc9130 ROCKET6                          fff5fc90 GWENHC1
fffc9190 ROCKET7                          fff5fe10 HOMEL1
fffc40b0 ROCKPOST1                        fff5fe90 HOMEC1
fffc4130 ROCKPOST2                        fff5ff10 HOMEC2
fffc41b0 ROCKPOST3                        fff5ff90 HOMEU1
fffc4230 ROCKPOST4                        fff61510 SPFLP0F30
ffef4500 ROCK_START                       fff63e70 SPSQP4FF1
ffef58f0 ROCK_TABLE_1                     fff63ed0 SPSQP4FF2
ffec3df0 ROM_NAME                         fff63f30 SPSQP4FF3
ffeced90 ROM_PTRS                         fff64650 ELSTP0
fffc58f0 RTRSTP0                          fff646d0 spikeegg
ffe9e240 SCIDONE                          fff647d0 SPIKEHC1
ffed8a50 SCOIN                            fff64950 BLSTP0
ffea1de0 SCORAREA                         fff649d0 bloopegg
fffc62f0 SCORBLOOP                        fff64ad0 BLOOPHC1
fffc5f70 SCORCONTINUE                     fff64c50 RESTP0
ffea1f30 SCOREHILITE                      fff64cd0 rexegg
ffea3eb0 SCORE_IF_ACTIVE                  fff64d50 REXHL1
ffea5870 SCORE2XOBJ                       fff64dd0 REXHC1
ffea5830 SCOREOBJ                         fff65c10 P1W1DINO
ffe81fd0 SCORE_TO_PLAYER                  fff65c90 P1WFDINO
ffea3d00 SCORE                            fff65d10 P1GEMDINO
fffc5ff0 SCORGAMEOVER                     fff65d90 P2W1DINO
fffc61f0 SCORGWEN                         fff65e10 P2WHDINO
fffc60f0 SCORINSERT                       fff65e90 P2GEMDINO
ffea03a0 SCORPROC                         fff65f10 P2WFDINO
fffc6170 SCORREX                          fff65f90 P3W1DINO
fffc6270 SCORSPIKE                        fff66010 P3WHDINO
fffc6070 SCORTOPLAY                       fff66090 P3GEMDINO
ffe1d9e0 SCRCLR                           fff66110 P3WFDINO
ffe07e50 SCREXP32                         fff66190 P4W1DINO
01000440 SCRNLR                           fff66210 P4WHDINO
ffe067a0 SCRNRELV                         fff66290 P4WFDINO
01000420 SCRNTL                           fff66310 P4GEMDINO
01000380 SCROLLX                          fff66390 HOUSE_TAB
010003a0 SCROLLY                          fff66410 HOUSE_ANIS
ffe027a0 SCRTST                           fff66610 EGG_TAB
ffe02770 SCRTSTG                          fff66690 REXINIT
ffe438a0 SEARCH_SAFE                      fff66930 ELVISINIT
ffe486a0 SEE_STARS                        fff66bd0 BLOOPINIT
ffe81a90 SELECT_DINO                      fff66e70 SPIKEINIT
ffea53e0 SEND2SCR                         fff67110 REXATAB
ffea5350 SENDOBJ                          fff6be70 SPIKEATAB
ffe22dc0 SEND_COMM_WAIT                   fff70bd0 BLOOPATAB
ffe22ad0 SEND_COMM                        fff75930 GWENATAB
ffe1db50 SETPPROC                         fff789f0 SPIKEUP
ffe09800 SETUP                            fff7c750 GWEN_FLIPIN
ffeba560 SET_AVGWAVE                      fff7cef0 GWEN_FLIPOUT
fff11970 SET_COIN_ADJ                     fff81930 SPIKECHEER_1
ffe1b620 SET_MZPOS                        fff8acd0 GWENTUNN_U
ffecee60 SET_PAGE                         fff8afa0 GWENTUNN_D
ffe1b570 SET_TZPOS                        fff8b270 GWENTUNN_LR
ffe1b3e0 SET_ZPOS                         fff8bf30 SPBOING01
fffc9510 SHIELD1                          fff8c410 SPBOINGL41
fffc9b70 SHIELD2                          fff8c470 SPBOING41
fffc9bd0 SHIELD3                          fff8c930 SPBOING81
fffca2f0 SHIELD4                          fff8cf80 DINOSQUASH_SND
fffc9590 SHOE1                            fff8d000 PUNCH_SND
fffc9c30 SHOE2                            fff8d080 TARBYE_SND
fffc9c90 SHOE3                            fff8d0c0 FIRE_SND
fffc9cf0 SHOE4                            fff8d200 TRSTP0
fffc4a90 SHROOM1                          fff91060 TREATP0F8
fffc4b10 SHROOM2                          fff91480 TREATP4F8
fffc4b90 SHROOM3                          fff92980 TRSTCLP0
fffc4c10 SHROOM4                          fff97080 TINIT_TAB
fff223e0 SHROOMINIT                       fff97100 TROGINIT
ffe19ac0 SHVELCPY                         fff97480 TROGATAB
ffe19bd0 SHVELFLP                         fff9ab40 TROGUP
010a1cd0 SINTRAM                          fff9b060 TROG_ATT_APPEAR
ffe1f070 SKIP_ANIMATION                   fff9c370 SPRINGDIE_D
fffc78b0 SKULL                            fff9c660 WATER_SPLASH
010764d0 SKYCOLOR                         fff9cc20 SPRINGDIE_U
ffe4d430 SKYDOWN                          fff9d5d0 SPRINGDIE_LR
ffe4d1b0 SKYUP                            fff9de80 SPRINGLAVA_D
ffedcc30 SLAM                             fff9e170 LAVA_SPLASH
ffe44250 SLEEP_START                      fff9e730 SPRINGLAVA_U
ffe16a40 SLEEP_SWITCHX                    fff9f0e0 SPRINGLAVA_LR
ffe1a530 SLINEVEL                         fffa0e30 SPRINGPIT_U
01077a70 SMACK_CNT                        fffa18f0 SPRINGPIT_D
ffe97f30 SMACK_SCREEN                     fffa22b0 SPRINGPIT_LR
fff20470 SMOKESTAR41                      fffa7dd0 TROGFIRE_U
ffe22ff0 SNDLD                            fffa8220 TROGFIRE_D
ffe232c0 SNDPRC                           fffa8b80 TROGFIRE_LR
ffe23950 SNDRES                           fffa9780 TROGSQUISH_UU
ffe23750 SNDSND                           fffa9870 TROGSQUISH_UD
fffc5310 SOGPIT1                          fffa9960 TROGSQUISH_UL
ffe24320 SOUNDOFF                         fffa9a50 TROGSQUISH_UR
010776b0 SOUNDSUP                         fffa9b40 TROGSQUISH_DU
fffc3930 SPARK2                           fffa9c30 TROGSQUISH_DD
fffc4850 SPARK3                           fffa9d20 TROGSQUISH_DL
fffc48b0 SPARK4                           fffa9e10 TROGSQUISH_DR
ffe5b470 SPARKLE                          fffa9f00 TROGSQUISH_LRU
fff8bf30 SPBOING01                        fffa9ff0 TROGSQUISH_LRD
fff8c470 SPBOING41                        fffaa0e0 TROGSQUISH_LRL
fff8c930 SPBOING81                        fffaa1d0 TROGSQUISH_LRR
fff8c410 SPBOINGL41                       fffaa2c0 TROGFOOD_U
fffc7430 SPBPP4F16                        fffaa370 TROGFOOD_D
fffc4c90 SPEED1                           fffaa3c0 TROGFOOD_LR
fffc5650 SPEED2                           fffaa640 TROG_CLUB_ATAB
fffc56b0 SPEED3                           fffb38e0 TRBOING01
fffc5710 SPEED4                           fffb3d00 TRBOINGL41
fff61510 SPFLP0F30                        fffb3d60 TRBOING41
fff6be70 SPIKEATAB                        fffb4130 TRBOING81
fff81930 SPIKECHEER_1                     fffb45f0 TROGUHOH_SND
fff647d0 SPIKEHC1                         fffb4870 TROGFIRE_SND
fffc1df0 SPIKEHED                         fffb49f0 TROGSWOOSH_SND
fff66e70 SPIKEINIT                        fffb4a30 TROGCLUB_SND
fff789f0 SPIKEUP                          fffb4a70 TROGHEAD_SND
fffc3fb0 SPIKHHAND1                       fffb4d30 TROGSQUISH_SND
fffc3130 SPIKHHAND2                       fffb4d70 WAVE_DIFF_TAB
fffc3190 SPIKVHAND1                       fffb7290 GAME_DIFF_TAB
fffc31f0 SPIKVHAND2                       fffb7410 WAVE_TABLE
ffe44b90 SPIT_FIRE                        fffbf530 YELLOW16
010777a0 SPLAYER_COL                      fffbf640 PINK16
01077790 SPLAYER_NUM                      fffbf750 FIXED3
010a1ba0 SPRGSPEED                        fffbf820 BLUE16
fffd9fa0 SPRING2BMOD                      fffbf930 RED16
fff9c370 SPRINGDIE_D                      fffbfa40 trogcol
fff9d5d0 SPRINGDIE_LR                     fffbfb50 flame
fff9cc20 SPRINGDIE_U                      fffbfc60 WHEELPAL
fffc0190 SPRINGLA                         fffbfd70 CAVSIN
fff9de80 SPRINGLAVA_D                     fffbfdf0 DUXPAL
fff9f0e0 SPRINGLAVA_LR                    fffbfea0 ball4
fff9e730 SPRINGLAVA_U                     fffbffb0 will
fffa18f0 SPRINGPIT_D                      fffbfff0 play6
fffa22b0 SPRINGPIT_LR                     fffc0030 midway
fffa0e30 SPRINGPIT_U                      fffc0080 NOYLAND1
fffc3570 SPRLNDHOMC1                      fffc0190 SPRINGLA
fffc35d0 SPRLNDHOMC2                      fffc02a0 TUNPAL
fffc3510 SPRLNDHOML1                      fffc0370 WARMGRAY
fffc3490 SPRLNDHOMU1                      fffc0480 tlopal8
fff63e70 SPSQP4FF1                        fffc04d0 VOLROCK1
fff63ed0 SPSQP4FF2                        fffc05e0 NOYLANDY
fff63f30 SPSQP4FF3                        fffc06f0 NOYPINK
fff5aef0 SPSTP0                           fffc0800 landblu1
fff5ae70 SPWAP4F1                         fffc0910 bflesh
ffe1c400 SRAND                            fffc0a20 bfur
fffc5390 STAR5                            fffc0b30 gray15
fffc1870 STARS1                           fffc0c40 PURPFUR
fffc1690 STARS2                           fffc0d50 GREENFUR
fffc16f0 STARS3                           fffc0e60 BLUEFUR
fffc1750 STARS4                           fffc0f70 REDFUR
fffc17b0 STARS5                           fffc1080 BLUZOM
fffc1810 STARS6                           fffc1190 beye
01077720 START_BONE                       fffc12a0 GAMEFIX
fff24a20 START_FIRE_LR                    fffc1360 PLNTPOST
ffe43b70 START_INVINCIBILITY              fffc1470 GREEN16
01077770 START_SCORE                      fffc1580 GREY16
01077760 START_WAVE                       fffc1690 STARS2
ffe4f940 STAT_WORKS                       fffc16f0 STARS3
ffec19e0 STD_BORD                         fffc1750 STARS4
ffe06aa0 STFOBJ                           fffc17b0 STARS5
01077640 STICKTYP                         fffc1810 STARS6
ffe023f0 STOPOBJS                         fffc1870 STARS1
ffe1c770 STOPPED                          fffc18f0 WHIRL2a
01077700 STOP_GREETING                    fffc1950 WHIRL3a
01077710 STOP_SEARCH                      fffc19b0 WHIRL1b
010776f0 STOP_WAITING                     fffc1a10 WHIRL2b
ffecc2c0 STORE_AUDIT                      fffc1a70 WHIRL3b
ffe08860 STORE_ZVAL                       fffc1ad0 WHIRL1c
010f1b70 STORY_MODE                       fffc1b30 WHIRL2c
fffc73b0 STRANBACK                        fffc1b90 WHIRL3c
ffed7890 STRCAT                           fffc1bf0 WHIRL1a
ffe60020 STRCNCO                          fffc1c70 BSPWP4F1
ffe5ff10 STRCNC                           fffc1cf0 REXHED
ffe601e0 STRCNRMOS                        fffc1d70 BLOOPHED
ffe5fde0 STRCNRMO                         fffc1df0 SPIKEHED
ffe60100 STRCNRMS                         fffc1e70 GWENHED
ffe5fcd0 STRCNRM                          fffc1ef0 blooptung
ffef9c30 STRING                           fffc1f70 BSPSTP0
010f1970 STRING1                          fffc1fd0 BSPSTP3
010f1990 STRING2                          fffc2030 BSPTORP2
010f19b0 STRING3                          fffc2090 BSPWP4F2
ffef9f00 STRINGCENTER                     fffc20f0 BSPWP4F3
010f09c0 STRINGF_RAM                      fffc2150 BSPWP4F4
ffe61b30 STRINGF                          fffc21b0 BSPWP4F5
010f19d0 STRING_SHADOW                    fffc2210 BSPWP4F6
ffe5fec0 STRLNC                           fffc2270 BSPWP4F7
ffe5fd70 STRLNRMO                         fffc22d0 BSPSHP0F3
ffe60090 STRLNRMS                         fffc2330 BSPSHP0F4
ffe5fc80 STRLNRM                          fffc2390 BSPSHP0F6
ffe63af0 STRNGLEN                         fffc23f0 BSPSHP0F7
010f07e0 STRNGRAM                         fffc2450 BSPSHP0F8
ffe5ff60 STRRNC                           fffc24b0 BSPSHP0F9
ffe5fe50 STRRNRMO                         fffc2510 BSPSHP0F10
ffe5fd20 STRRNRM                          fffc2570 BSPSHP0F11
ffe60170 STRRNRMS                         fffc25d0 BSPSHP0F12
[...]
0104ef80 TOPQ0                            fffc3a30 TUNNELIMG
01000500 TOPQ0CNT                         fffc3ab0 P2HBON
01000540 TOPQ0FLG                         fffc3b30 P2VBON
01000550 TOPQ1FLG                         fffc3bb0 P1HBON
0105bdc0 TOPQ1                            fffc3c30 P1VBON
01000510 TOPQ1CNT                         fffc3cb0 P3HBON
fffc7130 TRANBACK                         fffc3d30 P3VBON
fffc9310 TRANSF1                          fffc3db0 P4HBON
fffc8530 TRANSF10                         fffc3e30 P4VBON
fffc8590 TRANSF11                         fffc3eb0 BLOOHHAND1
fffc85f0 TRANSF2                          fffc3f30 REXHHAND1
fffc8650 TRANSF3                          fffc3fb0 SPIKHHAND1
fffc86b0 TRANSF4                          fffc4030 GWENHHAND1
fffc8710 TRANSF5                          fffc40b0 ROCKPOST1
fffc8770 TRANSF6                          fffc4130 ROCKPOST2
fffc87d0 TRANSF7                          fffc41b0 ROCKPOST3
fffc8830 TRANSF8                          fffc4230 ROCKPOST4
fffc8890 TRANSF9                          fffc42b0 WSPLASH1
fffb38e0 TRBOING01                        fffc4310 WSPLASH2
fffb3d60 TRBOING41                        fffc4370 WSPLASH3
fffb4130 TRBOING81                        fffc43d0 WSPLASH4
fffb3d00 TRBOINGL41                       fffc4430 WSPLASH5
fff3da70 TRBOP0F1                         fffc4490 LSPLASH1
fff3c910 TRBOP0F2                         fffc44f0 LSPLASH2
fff3c970 TRBOP0F3                         fffc4550 LSPLASH3
fff3c9d0 TRBOP0F4                         fffc45b0 LSPLASH4
fff3ca30 TRBOP0F5                         fffc4610 LSPLASH5
fff91060 TREATP0F8                        fffc4670 HBONCR1
fff91480 TREATP4F8                        fffc46d0 HBONCR2
ffe9b5a0 TREX_KILL                        fffc4730 HBONCR3
ffe9c940 TREX_STOMP                       fffc4790 HBONCR5
fff97480 TROGATAB                         fffc47f0 VBONCR3
fffc9370 TROGBOUN1                        fffc4850 SPARK3
fffc88f0 TROGBOUN2                        fffc48b0 SPARK4
fffc8950 TROGBOUN3                        fffc4910 LITTLELOG
fffc89b0 TROGBOUN4                        fffc4990 VOLCTIP
ffe91740 TROGBXFER                        fffc4a10 boobridge
fff13ea0 TROGCAVE1                        fffc4a90 SHROOM1
fff13f00 TROGCAVE2                        fffc4b10 SHROOM2
fffc2910 TROGCAVSIN                       fffc4b90 SHROOM3
fffb4a30 TROGCLUB_SND                     fffc4c10 SHROOM4
fff2ad30 TROGCOLL                         fffc4c90 SPEED1
ffe73d50 TROGDEATH_OLD_RET                fffc4d10 VHOMBASU1
fffd5c80 TROGENTBMOD                      fffc4d90 VOGPIT1
fffa8220 TROGFIRE_D                       fffc4e10 VTAR5
fffa8b80 TROGFIRE_LR                      fffc4e90 EOGPIT1
fffb4870 TROGFIRE_SND                     fffc4f10 ETAR5
fffa7dd0 TROGFIRE_U                       fffc4f90 EHOMBASU1
fffaa370 TROGFOOD_D                       fffc5010 COGPIT1
fffaa3c0 TROGFOOD_LR                      fffc5090 CTAR5
fffaa2c0 TROGFOOD_U                       fffc5110 CHOMBASU1
fffb4a70 TROGHEAD_SND                     fffc5190 WOGPIT1
fffc7830 TROGHED                          fffc5210 WTAR5
ffef56d0 TROGHENG1                        fffc5290 WELANHOMU1
fff97100 TROGINIT                         fffc5310 SOGPIT1
ffef5770 TROGSKULL1                       fffc5390 STAR5
ffef5810 TROGSKULL2                       fffc5410 WELANHOML1
fff4b2a0 TROGSMACK2_SND                   fffc5470 WELANHOMC1
010a1b50 TROGSPEED                        fffc54d0 WELANHOMC2
ffe90e30 TROGSPRG_PROCESS                 fffc5530 VHOMBASL1
ffe90c20 TROGSPRG_START                   fffc5590 VHOMBASC1
fffa9c30 TROGSQUISH_DD                    fffc55f0 VHOMBASC2
fffa9d20 TROGSQUISH_DL                    fffc5650 SPEED2
fffa9e10 TROGSQUISH_DR                    fffc56b0 SPEED3
fffa9b40 TROGSQUISH_DU                    fffc5710 SPEED4
fffa9ff0 TROGSQUISH_LRD                   fffc5770 PTRSTP0
fffaa0e0 TROGSQUISH_LRL                   fffc57f0 GTRSTP0
fffa9870 TROGSQUISH_UD                    fffc5870 BTRSTP0
fffa9960 TROGSQUISH_UL                    fffc58f0 RTRSTP0
fffa9a50 TROGSQUISH_UR                    fffc5970 BZTRSTP0
fffa9780 TROGSQUISH_UU                    fffc59f0 BTRHED
ffe92df0 TROGSSDEATH_OLD_RET              fffc5a70 BTRBEARD
fffaa1d0 TROGSQUISH_LRR                   fffc5af0 BTRHAIR
fffa9f00 TROGSQUISH_LRU                   fffc5b70 BTREYE
fffb4d30 TROGSQUISH_SND                   fffc5bf0 BTRBROW
01000220 TROGS                            fffc5c70 BTRBLINK1
fffb49f0 TROGSWOOSH_SND                   fffc5cf0 BTRBLINK2
fffb45f0 TROGUHOH_SND                     fffc5d70 BTRTEETH
fff9ab40 TROGUP                           fffc5df0 BTRHAND1
fff40e00 TROGWOBBLE_D                     fffc5e70 BTRHAND2
ffe70da0 TROGWXFER                        fffc5ef0 BTRHAND5
fff9b060 TROG_ATT_APPEAR                  fffc5f70 SCORCONTINUE
ffe79c80 TROG_BUMP                        fffc5ff0 SCORGAMEOVER
ffe7f780 TROG_CENTER                      fffc6070 SCORTOPLAY
fffaa640 TROG_CLUB_ATAB                   fffc60f0 SCORINSERT
01077a60 TROG_CNT                         fffc6170 SCORREX
01077750 TROG_INTRO_FLAG                  fffc61f0 SCORGWEN
010f19f0 TROG_LOOK_COUNT                  fffc6270 SCORSPIKE
ffe7f800 TROG_NEW_PNT                     fffc62f0 SCORBLOOP
ffe7c860 TROG_OOF                         fffc6370 PAPPLE1
ffe688e0 TROG_PIT_COMM                    fffc63f0 PAPPLE2
ffe683a0 TROG_PIT                         fffc6470 PAPPLE3
010a1b70 TROG_PURSUIT_RESET               fffc64f0 PAPPLE4
010a1b60 TROG_PURSUIT                     fffc6570 PAPPLE5
ffe74c00 TROG_RANDOM_FIND                 fffc65f0 PAPPLE6a
010f1a00 TROG_SEARCH_DIST                 fffc6670 PAPPLE6b
ffe947e0 TROG_SHADOW_UPDATE               fffc66f0 PAPPLE6c
ffe7f040 TROG_SQUASH                      fffc6770 EASTEREGG
ffe6f8c0 TROG_START_WAIT                  fffc67f0 HBONREDH
ffe6f130 TROG_START                       fffc6870 HBONBLUEV
ffe76820 TROG_VALIDATE_CHASEE             fffc68f0 BLOOPTUNGF1
ffe77770 TROG_VEL_NORMAL                  fffc6970 BLOOPTUNGF2
fff92980 TRSTCLP0                         fffc69d0 BLOOPTUNGF3
fff8d200 TRSTP0                           fffc6a30 BLOOPTUNGF4
fffc2810 TRTIPSa                          fffc6a90 REXCHEERF1
fffc2890 TRTIPSb                          fffc6af0 REXCHEERF2
ffece110 TRYADD                           fffc6b50 REXCHEERF3
01077940 TUNNEL                           fffc6bb0 REXCHEERF4
fffc3a30 TUNNELIMG                        fffc6c10 BLOOPCHEERF1
ffe4a040 TUNNEL_CYCLE                     fffc6c70 BLOOPCHEERF2
ffe69650 TUNNEL_PIT                       fffc6cd0 BLOOPCHEERF3
01077960 TUNNEL_SCORE                     fffc6d30 BLOOPCHEERF4
01077950 TUNNEL_UP                        fffc6d90 GWENCHEERF3
fffc02a0 TUNPAL                           fffc6df0 GWENCHEERF1
ffe1f870 TURNPAGE                         fffc6e50 GWENCHEERF2
01077840 TUTOR                            fffc6eb0 OING1
ffe9d440 TVBP                             fffc6f30 OING2
ffe9d480 TVBPX                            fffc6fb0 OING3
010a1f80 TVPATCHX                         fffc7030 OING4
010a1da0 TVPATCH                          fffc70b0 OING5
ffe2aa00 TWO_MOVES                        fffc7130 TRANBACK
ffebd9a0 UHOH                             fffc71b0 ETRANBACK
ffea36c0 UPDSL                            fffc7230 CTRANBACK
ffffabd0 USA_1                            fffc72b0 WTRANBACK
ffffac00 USA_2                            fffc7330 VTRANBACK
ffffac30 USA_3                            fffc73b0 STRANBACK
ffffac60 USA_4                            fffc7430 SPBPP4F16
ffffac90 USA_ELECTITLE                    fffc74b0 trancave1
ffe3d930 VALIDHITX                        fffc7530 trancave2
ffe3dac0 VALIDHITY                        fffc75b0 RADI4
ffe6e470 VALID_CPNT                       fffc7630 ZIG1
ffecf410 VAL_TAB                          fffc76b0 GEM1
fffc33d0 VBONCR1                          fffc7730 PALM1
fffc3430 VBONCR2                          fffc77b0 DESHOMU1
fffc47f0 VBONCR3                          fffc7830 TROGHED
fffc2d10 VBONCR4                          fffc78b0 SKULL
fffc2d70 VBONCR5                          fffc7930 BOULDER1
fffc5590 VHOMBASC1                        fffc79b0 RADI1
fffc55f0 VHOMBASC2                        fffc7a10 RADI2
fffc5530 VHOMBASL1                        fffc7a70 RADI3
fffc4d10 VHOMBASU1                        fffc7ad0 PALM2
010a1bd0 VIRTUAL_TROGS                    fffc7b30 GEM2
ffe30140 VOBLIT1                          fffc7b90 DESHOMC1
fffc4d90 VOGPIT1                          fffc7bf0 DESHOMC2
fffc4990 VOLCTIP                          fffc7c50 DESHOML1
fffc04d0 VOLROCK1                         fffc7cb0 BARL2
ffe24460 VOLUME0                          fffc7d30 BART2
ffe24910 VOLUMEF                          fffc7db0 ARROW2
fffc4e10 VTAR5                            fffc7e10 ARROW3
fffc7330 VTRANBACK                        fffc7e70 BARL1
fffea6e0 W2PALS                           fffc7ed0 BARL3
ffebc270 WAIT_BUT                         fffc7f30 BARL4
ffe12730 WAIT_WAVE_END                    fffc7f90 BARL5
fffc0370 WARMGRAY                         fffc7ff0 BART1
ffe09800 WARMSET                          fffc8050 BART3
ffe49e20 WATER_CYCLE                      fffc80b0 BART4
fff9c660 WATER_SPLASH                     fffc8110 BART5
fff26bb0 WAVE10DSP                        fffc8170 EXCLA2
fff26e30 WAVE11DSP                        fffc81d0 EXCLA3
fff27090 WAVE12DSP                        fffc8230 EXCLA4
fff27360 WAVE13DSP                        fffc8290 PINWEEL2
fff274d0 WAVE14DSP                        fffc82f0 PINWEEL3
fff27730 WAVE15DSP                        fffc8350 PINWEEL4
fff27a70 WAVE16DSP                        fffc83b0 PINWEEL5
fff27ca0 WAVE17DSP                        fffc8410 PINWEEL6
fff27d50 WAVE18DSP                        fffc8470 PINWEEL7
fff27fb0 WAVE19DSP                        fffc84d0 PINWEEL8
fffcf670 WAVE1BMOD                        fffc8530 TRANSF10
fff25d90 WAVE1DSP                         fffc8590 TRANSF11
fff28c20 WAVE23DSP                        fffc85f0 TRANSF2
fff29080 WAVE32DSP                        fffc8650 TRANSF3
fff29250 WAVE33DSP                        fffc86b0 TRANSF4
fff29420 WAVE34DSP                        fffc8710 TRANSF5
fff26060 WAVE3DSP                         fffc8770 TRANSF6
010776a0 WAVE                             fffc87d0 TRANSF7
fff28270 WAVE20DSP                        fffc8830 TRANSF8
fff285a0 WAVE21DSP                        fffc8890 TRANSF9
fff28820 WAVE22DSP                        fffc88f0 TROGBOUN2
fffde770 WAVE2BMOD                        fffc8950 TROGBOUN3
fff29470 WAVE36DSP                        fffc89b0 TROGBOUN4
fff29640 WAVE38DSP                        fffc8a10 WOW2
fff298d0 WAVE42DSP                        fffc8a70 WOW3
fff29c60 WAVE43DSP                        fffc8ad0 WOW4a
fff29e90 WAVE45DSP                        fffc8b30 WOW4b
fff2a2f0 WAVE46DSP                        fffc8b90 WOW4c
fff2a6f0 WAVE47DSP                        fffc8bf0 WOW4d
fff2a860 WAVE48DSP                        fffc8c50 YO2
fff262d0 WAVE4DSP                         fffc8cb0 YO3
fff26600 WAVE7DSP                         fffc8d10 YO4
fff26810 WAVE8DSP                         fffc8d70 YO5
fff269e0 WAVE9DSP                         fffc8dd0 FIREWERK1
010a1b30 WAVEEGGS                         fffc8e30 FIREWERK2
010a1bb0 WAVEHAND                         fffc8e90 FIREWERK3
01077850 WAVETIME                         fffc8ef0 FIREWERK4
fffe2a50 WAVEV1BMOD                       fffc8f50 ROCKET1
fffcf5e0 WAVEV2BMOD                       fffc8fb0 ROCKET2
fffe4d80 WAVEX2BMOD                       fffc9010 ROCKET3
fffe70f0 WAVEX3BMOD                       fffc9070 ROCKET4
fffe8ce0 WAVEX5BMOD                       fffc90d0 ROCKET5
fffe0ae0 WAVEX6BMOD                       fffc9130 ROCKET6
010778b0 WAVE_BGND1                       fffc9190 ROCKET7
010778d0 WAVE_BGND2                       fffc91f0 ARROW1
fffb4d70 WAVE_DIFF_TAB                    fffc9250 EXCLA1
ffe11970 WAVE_END                         fffc92b0 PINWEEL1
ffe83570 WAVE_ENTERS                      fffc9310 TRANSF1
010779a0 WAVE_INSTRUCT                    fffc9370 TROGBOUN1
01077870 WAVE_MUSIC                       fffc93d0 YO1
010a1c20 WAVE_OVER                        fffc9430 WOW1
ffe15f60 WAVE_PLAYERS                     fffc9490 CUBE5
010779c0 WAVE_PSTUFF                      fffc9510 SHIELD1
01077980 WAVE_SHOW                        fffc9590 SHOE1
ffe0fb80 WAVE_START                       fffc9610 FIREBALL1
fffb7410 WAVE_TABLE                       fffc9690 CUBE10
01077890 WAVE_WATER                       fffc96f0 CUBE11
fffe9150 WAWA2                            fffc9750 CUBE12
ffed0060 WC_BYTEI                         fffc97b0 CUBE13
ffecfce0 WC_BYTE                          fffc9810 CUBE14
ffed01c0 WC_LONG                          fffc9870 CUBE15
ffed0280 WC_LONGI                         fffc98d0 CUBE16
ffed00b0 WC_WORD                          fffc9930 CUBE17
ffed0170 WC_WORDI                         fffc9990 CUBE5a
010a1be0 WDIFF_RAM_END                    fffc99f0 CUBE6
010a1b30 WDIFF_RAM_ST                     fffc9a50 CUBE7
ffe16ec0 WDISTAB                          fffc9ab0 CUBE8
ffe16d20 WDOGDIS                          fffc9b10 CUBE9
010a1cf0 WDOGRAM                          fffc9b70 SHIELD2
fffd5d10 WEELANDBMOD                      fffc9bd0 SHIELD3
fffc5470 WELANHOMC1                       fffc9c30 SHOE2
fffc54d0 WELANHOMC2                       fffc9c90 SHOE3
fffc5410 WELANHOML1                       fffc9cf0 SHOE4
fffc5290 WELANHOMU1                       fffc9d50 CHILI0
fff2d900 WHEEL410                         fffc9db0 CHILI1
fffbfc60 WHEELPAL                         fffc9e10 CHILI2
01077a50 WHEEL_CNT                        fffc9e70 CHILI3
ffe8a500 WHEEL_PROCESS                    fffc9ed0 CHILI4
ffe8a3d0 WHEEL_START                      fffc9f30 CHILI5
ffe8e3d0 WHEEL_STOP                       fffc9f90 FIREBALL2
ffe1a600 WHICHSID                         fffc9ff0 FIREBALL3
fffc1bf0 WHIRL1a                          fffca050 FIREBALL4
fffc19b0 WHIRL1b                          fffca0b0 FIREBALLP0F1
fffc1ad0 WHIRL1c                          fffca110 FIREBALLP0F2
fffc18f0 WHIRL2a                          fffca170 FIREBALLP0F3
fffc1a10 WHIRL2b                          fffca1d0 FIREBALLP4F1
fffc1b30 WHIRL2c                          fffca230 FIREBALLP4F2
fffc1950 WHIRL3a                          fffca290 FIREBALLP4F3
fffc1a70 WHIRL3b                          fffca2f0 SHIELD4
fffc1b90 WHIRL3c                          fffca350 FIREBALLO1
fff2fe50 WHLATAB                          fffca3b0 FIREBALLO2
ffe8ff80 WHLFIRE_EXT                      fffca410 FIREBALLO3
fff2fd70 WHLINIT                          fffca470 PXHBON
ffe8ad70 WHLXFER                          fffca4f0 PXVBON
ffe8cdd0 WHL_CENTER                       fffca570 GEMDIAMOND
00000006 WHL_KO_HITS                      fffca5f0 GEMSPHERE
ffe8df90 WHL_OOF                          fffca670 GEMSQUARE
ffe38450 WIN_MESSAGES                     fffcaee0 BLACKBO1BMOD
fff14a00 WIN_SND                          fffcaf70 TITLE2BMOD
ffe160a0 WIPEOUT                          fffcb7a0 TITLEBMOD
ffe4bfe0 WIPE_FROM_MID                    fffcf5e0 WAVEV2BMOD
fffc5190 WOGPIT1                          fffcf670 WAVE1BMOD
ffebd920 WOLF                             fffcfe60 CAVE1BMOD
010003c0 WORLDTLX                         fffd5bf0 CLUBLANDBMOD
010003e0 WORLDTLY                         fffd5c80 TROGENTBMOD
01000400 WORLDTL                          fffd5d10 WEELANDBMOD
fffc9430 WOW1                             fffd9f10 CRAYOLABMOD
fffc8a10 WOW2                             fffd9fa0 SPRING2BMOD
fffc8a70 WOW3                             fffda650 CREDITS1BMOD
fffc8ad0 WOW4a                            fffdc680 DESERT1BMOD
fffc8b30 WOW4b                            fffde770 WAVE2BMOD
fffc8b90 WOW4c                            fffe0ae0 WAVEX6BMOD
fffc8bf0 WOW4d                            fffe2a50 WAVEV1BMOD
ffe4ef70 WOWDEL                           fffe4d80 WAVEX2BMOD
010a1ca0 WRAMEND                          fffe70f0 WAVEX3BMOD
01077850 WRAMSTRT                         fffe8ce0 WAVEX5BMOD
fffc42b0 WSPLASH1                         fffe8d70 land
fffc4310 WSPLASH2                         fffe8e80 FACEPALS
fffc4370 WSPLASH3                         fffe8ee0 troglogo
fffc43d0 WSPLASH4                         fffe8f80 TLOGO
fffc4430 WSPLASH5                         fffe8fe0 LOGPALS
fffc5210 WTAR5                            fffe9040 LAVA2
fffc72b0 WTRANBACK                        fffe9150 WAWA2
fffea7a0 WV1PALS                          fffe9260 POSTPAL3
fffea8c0 WX5PALS                          fffe9370 LAVPOST2
fffea740 WX6PALS                          fffe9480 ISLEPALS
fffea800 X2PALS                           fffe9540 LITGRAY
fffea860 X3PALS                           fffe9650 DKGRAY
ffed8b50 XCOIN                            fffe9760 PURP15
ffe21ba0 XFERPROC_ID                      fffe9870 BGRAY15
ffe21c20 XFERPROC                         fffe9980 RED1115
ffe19c70 XZCHK                            fffe9a90 GREEN15
ffe24420 YAMOFF                           fffe9ba0 BLUE15
fffbf530 YELLOW16                         fffe9cb0 CAVSIGN
fffc93d0 YO1                              fffe9d20 CAVEPALS
fffc8c50 YO2                              fffe9e60 POSTPINK
fffc8cb0 YO3                              fffe9f70 POSTSY
fffc8d10 YO4                              fffea080 GRAYSHAP
fffc8d70 YO5                              fffea190 FUT1PALS
ffe02510 YZSORT                           fffea270 IVORYPST
fffc7630 ZIG1                             fffea380 GREENPST
ffef5a10 ZIG_TABLE_1                      fffea490 FUT2PALS
ffef5a70 ZIG_TABLE_2                      fffea550 COIN
fffbfea0 ball4                            fffea660 ITPAPALS
fffc1190 beye                             fffea680 DSRTPALS
fffc0910 bflesh                           fffea6e0 W2PALS
fffc0a20 bfur                             fffea740 WX6PALS
fff649d0 bloopegg                         fffea7a0 WV1PALS
fffc3730 bloopicon                        fffea800 X2PALS
fffc1ef0 blooptung                        fffea860 X3PALS
fffc4a10 boobridge                        fffea8c0 WX5PALS
ffffe3a0 edata                            fffeb020 P1BOXBONEh
010f2670 end                              fffeb0a0 P1BOXBONEv
fff138d0 etext                            fffec680 BSPIKEFALL
fffbfb50 flame                            ffff10e0 MEN_ADJ
fffc0b30 gray15                           ffffa9b0 DIPCOINTAB
fff5fb90 gwenegg                          ffffabd0 USA_1
fffe8d70 land                             ffffac00 USA_2
fffc0800 landblu1                         ffffac30 USA_3
fffc0030 midway                           ffffac60 USA_4
fffbfff0 play6                            ffffac90 USA_ELECTITLE
fff64cd0 rexegg                           ffffacd0 FRENCH_ELECTITLE
fffc36b0 royicon                          ffffad30 GERMAN_ELECTITLE
fff646d0 spikeegg                         ffffad90 GERMAN_1
fffc3630 spikeicon                        ffffade0 GERMAN_2
fffc37b0 stegicon                         ffffae30 GERMAN_3
fffc0480 tlopal8                          ffffae80 GERMAN_4
fffc74b0 trancave1                        ffffaed0 FRENCH_1
fffc7530 trancave2                        ffffaf20 FRENCH_2
fffbfa40 trogcol                          ffffaf70 FRENCH_3
fffe8ee0 troglogo                         ffffafc0 FRENCH_4
fffbffb0 will                             ffffe3a0 edata

[1582 symbols]
